Archive member included to satisfy reference by file (symbol)

D:/Apps/STM32CubeIDE_1.13.1/STM32CubeIDE/plugins/com.st.stm32cube.ide.mcu.externaltools.gnu-tools-for-stm32.11.3.rel1.win32_1.1.0.202305231506/tools/bin/../lib/gcc/arm-none-eabi/11.3.1/../../../../arm-none-eabi/lib/thumb/v6-m/nofp\libc_nano.a(libc_a-exit.o)
                              D:/Apps/STM32CubeIDE_1.13.1/STM32CubeIDE/plugins/com.st.stm32cube.ide.mcu.externaltools.gnu-tools-for-stm32.11.3.rel1.win32_1.1.0.202305231506/tools/bin/../lib/gcc/arm-none-eabi/11.3.1/../../../../arm-none-eabi/lib/thumb/v6-m/nofp/crt0.o (exit)
D:/Apps/STM32CubeIDE_1.13.1/STM32CubeIDE/plugins/com.st.stm32cube.ide.mcu.externaltools.gnu-tools-for-stm32.11.3.rel1.win32_1.1.0.202305231506/tools/bin/../lib/gcc/arm-none-eabi/11.3.1/../../../../arm-none-eabi/lib/thumb/v6-m/nofp\libc_nano.a(libc_a-findfp.o)
                              D:/Apps/STM32CubeIDE_1.13.1/STM32CubeIDE/plugins/com.st.stm32cube.ide.mcu.externaltools.gnu-tools-for-stm32.11.3.rel1.win32_1.1.0.202305231506/tools/bin/../lib/gcc/arm-none-eabi/11.3.1/../../../../arm-none-eabi/lib/thumb/v6-m/nofp\libc_nano.a(libc_a-exit.o) (__stdio_exit_handler)
D:/Apps/STM32CubeIDE_1.13.1/STM32CubeIDE/plugins/com.st.stm32cube.ide.mcu.externaltools.gnu-tools-for-stm32.11.3.rel1.win32_1.1.0.202305231506/tools/bin/../lib/gcc/arm-none-eabi/11.3.1/../../../../arm-none-eabi/lib/thumb/v6-m/nofp\libc_nano.a(libc_a-fwalk.o)
                              D:/Apps/STM32CubeIDE_1.13.1/STM32CubeIDE/plugins/com.st.stm32cube.ide.mcu.externaltools.gnu-tools-for-stm32.11.3.rel1.win32_1.1.0.202305231506/tools/bin/../lib/gcc/arm-none-eabi/11.3.1/../../../../arm-none-eabi/lib/thumb/v6-m/nofp\libc_nano.a(libc_a-findfp.o) (_fwalk_sglue)
D:/Apps/STM32CubeIDE_1.13.1/STM32CubeIDE/plugins/com.st.stm32cube.ide.mcu.externaltools.gnu-tools-for-stm32.11.3.rel1.win32_1.1.0.202305231506/tools/bin/../lib/gcc/arm-none-eabi/11.3.1/../../../../arm-none-eabi/lib/thumb/v6-m/nofp\libc_nano.a(libc_a-stdio.o)
                              D:/Apps/STM32CubeIDE_1.13.1/STM32CubeIDE/plugins/com.st.stm32cube.ide.mcu.externaltools.gnu-tools-for-stm32.11.3.rel1.win32_1.1.0.202305231506/tools/bin/../lib/gcc/arm-none-eabi/11.3.1/../../../../arm-none-eabi/lib/thumb/v6-m/nofp\libc_nano.a(libc_a-findfp.o) (__sread)
D:/Apps/STM32CubeIDE_1.13.1/STM32CubeIDE/plugins/com.st.stm32cube.ide.mcu.externaltools.gnu-tools-for-stm32.11.3.rel1.win32_1.1.0.202305231506/tools/bin/../lib/gcc/arm-none-eabi/11.3.1/../../../../arm-none-eabi/lib/thumb/v6-m/nofp\libc_nano.a(libc_a-memset.o)
                              D:/Apps/STM32CubeIDE_1.13.1/STM32CubeIDE/plugins/com.st.stm32cube.ide.mcu.externaltools.gnu-tools-for-stm32.11.3.rel1.win32_1.1.0.202305231506/tools/bin/../lib/gcc/arm-none-eabi/11.3.1/../../../../arm-none-eabi/lib/thumb/v6-m/nofp/crt0.o (memset)
D:/Apps/STM32CubeIDE_1.13.1/STM32CubeIDE/plugins/com.st.stm32cube.ide.mcu.externaltools.gnu-tools-for-stm32.11.3.rel1.win32_1.1.0.202305231506/tools/bin/../lib/gcc/arm-none-eabi/11.3.1/../../../../arm-none-eabi/lib/thumb/v6-m/nofp\libc_nano.a(libc_a-closer.o)
                              D:/Apps/STM32CubeIDE_1.13.1/STM32CubeIDE/plugins/com.st.stm32cube.ide.mcu.externaltools.gnu-tools-for-stm32.11.3.rel1.win32_1.1.0.202305231506/tools/bin/../lib/gcc/arm-none-eabi/11.3.1/../../../../arm-none-eabi/lib/thumb/v6-m/nofp\libc_nano.a(libc_a-stdio.o) (_close_r)
D:/Apps/STM32CubeIDE_1.13.1/STM32CubeIDE/plugins/com.st.stm32cube.ide.mcu.externaltools.gnu-tools-for-stm32.11.3.rel1.win32_1.1.0.202305231506/tools/bin/../lib/gcc/arm-none-eabi/11.3.1/../../../../arm-none-eabi/lib/thumb/v6-m/nofp\libc_nano.a(libc_a-reent.o)
                              D:/Apps/STM32CubeIDE_1.13.1/STM32CubeIDE/plugins/com.st.stm32cube.ide.mcu.externaltools.gnu-tools-for-stm32.11.3.rel1.win32_1.1.0.202305231506/tools/bin/../lib/gcc/arm-none-eabi/11.3.1/../../../../arm-none-eabi/lib/thumb/v6-m/nofp\libc_nano.a(libc_a-closer.o) (errno)
D:/Apps/STM32CubeIDE_1.13.1/STM32CubeIDE/plugins/com.st.stm32cube.ide.mcu.externaltools.gnu-tools-for-stm32.11.3.rel1.win32_1.1.0.202305231506/tools/bin/../lib/gcc/arm-none-eabi/11.3.1/../../../../arm-none-eabi/lib/thumb/v6-m/nofp\libc_nano.a(libc_a-impure.o)
                              D:/Apps/STM32CubeIDE_1.13.1/STM32CubeIDE/plugins/com.st.stm32cube.ide.mcu.externaltools.gnu-tools-for-stm32.11.3.rel1.win32_1.1.0.202305231506/tools/bin/../lib/gcc/arm-none-eabi/11.3.1/../../../../arm-none-eabi/lib/thumb/v6-m/nofp\libc_nano.a(libc_a-reent.o) (_impure_ptr)
D:/Apps/STM32CubeIDE_1.13.1/STM32CubeIDE/plugins/com.st.stm32cube.ide.mcu.externaltools.gnu-tools-for-stm32.11.3.rel1.win32_1.1.0.202305231506/tools/bin/../lib/gcc/arm-none-eabi/11.3.1/../../../../arm-none-eabi/lib/thumb/v6-m/nofp\libc_nano.a(libc_a-lseekr.o)
[...]
Memory Configuration

Name             Origin             Length             Attributes
RAM              0x0000000020000000 0x0000000000004000 xrw
FLASH            0x0000000008000000 0x0000000000020000 xr
*default*        0x0000000000000000 0xffffffffffffffff

Linker script and memory map

LOAD D:/Apps/STM32CubeIDE_1.13.1/STM32CubeIDE/plugins/com.st.stm32cube.ide.mcu.externaltools.gnu-tools-for-stm32.11.3.rel1.win32_1.1.0.202305231506/tools/bin/../lib/gcc/arm-none-eabi/11.3.1/thumb/v6-m/nofp/crti.o
LOAD D:/Apps/STM32CubeIDE_1.13.1/STM32CubeIDE/plugins/com.st.stm32cube.ide.mcu.externaltools.gnu-tools-for-stm32.11.3.rel1.win32_1.1.0.202305231506/tools/bin/../lib/gcc/arm-none-eabi/11.3.1/thumb/v6-m/nofp/crtbegin.o
LOAD D:/Apps/STM32CubeIDE_1.13.1/STM32CubeIDE/plugins/com.st.stm32cube.ide.mcu.externaltools.gnu-tools-for-stm32.11.3.rel1.win32_1.1.0.202305231506/tools/bin/../lib/gcc/arm-none-eabi/11.3.1/../../../../arm-none-eabi/lib/thumb/v6-m/nofp/crt0.o
LOAD ./Core/Src/dma.o
LOAD ./Core/Src/gpio.o
LOAD ./Core/Src/main.o
LOAD ./Core/Src/stm32f0xx_hal_msp.o
LOAD ./Core/Src/stm32f0xx_it.o
LOAD ./Core/Src/syscalls.o
LOAD ./Core/Src/sysmem.o
LOAD ./Core/Src/system_stm32f0xx.o
LOAD ./Core/Src/usart.o
LOAD ./Core/Startup/startup_stm32f072rbtx.o
LOAD ./Drivers/STM32F0xx_HAL_Driver/Src/stm32f0xx_hal.o
LOAD ./Drivers/STM32F0xx_HAL_Driver/Src/stm32f0xx_hal_cortex.o
LOAD ./Drivers/STM32F0xx_HAL_Driver/Src/stm32f0xx_hal_dma.o
LOAD ./Drivers/STM32F0xx_HAL_Driver/Src/stm32f0xx_hal_exti.o
LOAD ./Drivers/STM32F0xx_HAL_Driver/Src/stm32f0xx_hal_flash.o
LOAD ./Drivers/STM32F0xx_HAL_Driver/Src/stm32f0xx_hal_flash_ex.o
LOAD ./Drivers/STM32F0xx_HAL_Driver/Src/stm32f0xx_hal_gpio.o
LOAD ./Drivers/STM32F0xx_HAL_Driver/Src/stm32f0xx_hal_i2c.o
LOAD ./Drivers/STM32F0xx_HAL_Driver/Src/stm32f0xx_hal_i2c_ex.o
LOAD ./Drivers/STM32F0xx_HAL_Driver/Src/stm32f0xx_hal_pwr.o
LOAD ./Drivers/STM32F0xx_HAL_Driver/Src/stm32f0xx_hal_pwr_ex.o
LOAD ./Drivers/STM32F0xx_HAL_Driver/Src/stm32f0xx_hal_rcc.o
LOAD ./Drivers/STM32F0xx_HAL_Driver/Src/stm32f0xx_hal_rcc_ex.o
LOAD ./Drivers/STM32F0xx_HAL_Driver/Src/stm32f0xx_hal_tim.o
LOAD ./Drivers/STM32F0xx_HAL_Driver/Src/stm32f0xx_hal_tim_ex.o
LOAD ./Drivers/STM32F0xx_HAL_Driver/Src/stm32f0xx_hal_uart.o
LOAD ./Drivers/STM32F0xx_HAL_Driver/Src/stm32f0xx_hal_uart_ex.o
LOAD ./Prod/Src/vl53l1x_ares_lidar.o
START GROUP
LOAD D:/Apps/STM32CubeIDE_1.13.1/STM32CubeIDE/plugins/com.st.stm32cube.ide.mcu.externaltools.gnu-tools-for-stm32.11.3.rel1.win32_1.1.0.202305231506/tools/bin/../lib/gcc/arm-none-eabi/11.3.1/../../../../arm-none-eabi/lib/thumb/v6-m/nofp\libc_nano.a
LOAD D:/Apps/STM32CubeIDE_1.13.1/STM32CubeIDE/plugins/com.st.stm32cube.ide.mcu.externaltools.gnu-tools-for-stm32.11.3.rel1.win32_1.1.0.202305231506/tools/bin/../lib/gcc/arm-none-eabi/11.3.1/../../../../arm-none-eabi/lib/thumb/v6-m/nofp\libm.a
END GROUP
START GROUP
LOAD D:/Apps/STM32CubeIDE_1.13.1/STM32CubeIDE/plugins/com.st.stm32cube.ide.mcu.externaltools.gnu-tools-for-stm32.11.3.rel1.win32_1.1.0.202305231506/tools/bin/../lib/gcc/arm-none-eabi/11.3.1/thumb/v6-m/nofp\libgcc.a
LOAD D:/Apps/STM32CubeIDE_1.13.1/STM32CubeIDE/plugins/com.st.stm32cube.ide.mcu.externaltools.gnu-tools-for-stm32.11.3.rel1.win32_1.1.0.202305231506/tools/bin/../lib/gcc/arm-none-eabi/11.3.1/../../../../arm-none-eabi/lib/thumb/v6-m/nofp\libc_nano.a
END GROUP
START GROUP
LOAD D:/Apps/STM32CubeIDE_1.13.1/STM32CubeIDE/plugins/com.st.stm32cube.ide.mcu.externaltools.gnu-tools-for-stm32.11.3.rel1.win32_1.1.0.202305231506/tools/bin/../lib/gcc/arm-none-eabi/11.3.1/thumb/v6-m/nofp\libgcc.a
LOAD D:/Apps/STM32CubeIDE_1.13.1/STM32CubeIDE/plugins/com.st.stm32cube.ide.mcu.externaltools.gnu-tools-for-stm32.11.3.rel1.win32_1.1.0.202305231506/tools/bin/../lib/gcc/arm-none-eabi/11.3.1/../../../../arm-none-eabi/lib/thumb/v6-m/nofp\libc_nano.a
LOAD D:/Apps/STM32CubeIDE_1.13.1/STM32CubeIDE/plugins/com.st.stm32cube.ide.mcu.externaltools.gnu-tools-for-stm32.11.3.rel1.win32_1.1.0.202305231506/tools/bin/../lib/gcc/arm-none-eabi/11.3.1/../../../../arm-none-eabi/lib/thumb/v6-m/nofp\libnosys.a
END GROUP
START GROUP
LOAD D:/Apps/STM32CubeIDE_1.13.1/STM32CubeIDE/plugins/com.st.stm32cube.ide.mcu.externaltools.gnu-tools-for-stm32.11.3.rel1.win32_1.1.0.202305231506/tools/bin/../lib/gcc/arm-none-eabi/11.3.1/thumb/v6-m/nofp\libgcc.a
LOAD D:/Apps/STM32CubeIDE_1.13.1/STM32CubeIDE/plugins/com.st.stm32cube.ide.mcu.externaltools.gnu-tools-for-stm32.11.3.rel1.win32_1.1.0.202305231506/tools/bin/../lib/gcc/arm-none-eabi/11.3.1/../../../../arm-none-eabi/lib/thumb/v6-m/nofp\libc_nano.a
LOAD D:/Apps/STM32CubeIDE_1.13.1/STM32CubeIDE/plugins/com.st.stm32cube.ide.mcu.externaltools.gnu-tools-for-stm32.11.3.rel1.win32_1.1.0.202305231506/tools/bin/../lib/gcc/arm-none-eabi/11.3.1/../../../../arm-none-eabi/lib/thumb/v6-m/nofp\libnosys.a
END GROUP
LOAD D:/Apps/STM32CubeIDE_1.13.1/STM32CubeIDE/plugins/com.st.stm32cube.ide.mcu.externaltools.gnu-tools-for-stm32.11.3.rel1.win32_1.1.0.202305231506/tools/bin/../lib/gcc/arm-none-eabi/11.3.1/thumb/v6-m/nofp/crtend.o
LOAD D:/Apps/STM32CubeIDE_1.13.1/STM32CubeIDE/plugins/com.st.stm32cube.ide.mcu.externaltools.gnu-tools-for-stm32.11.3.rel1.win32_1.1.0.202305231506/tools/bin/../lib/gcc/arm-none-eabi/11.3.1/thumb/v6-m/nofp/crtn.o
                0x0000000020004000                _estack = (ORIGIN (RAM) + LENGTH (RAM))
                0x0000000000000200                _Min_Heap_Size = 0x200
                0x0000000000000400                _Min_Stack_Size = 0x400

.isr_vector     0x0000000008000000       0xc0
                0x0000000008000000                . = ALIGN (0x4)
 *(.isr_vector)
 .isr_vector    0x0000000008000000       0xc0 ./Core/Startup/startup_stm32f072rbtx.o
                0x0000000008000000                g_pfnVectors
                0x00000000080000c0                . = ALIGN (0x4)

.text           0x00000000080000c0     0x3a6c
                0x00000000080000c0                . = ALIGN (0x4)
 *(.text)
 .text          0x00000000080000c0       0x48 D:/Apps/STM32CubeIDE_1.13.1/STM32CubeIDE/plugins/com.st.stm32cube.ide.mcu.externaltools.gnu-tools-for-stm32.11.3.rel1.win32_1.1.0.202305231506/tools/bin/../lib/gcc/arm-none-eabi/11.3.1/thumb/v6-m/nofp/crtbegin.o
 .text          0x0000000008000108      0x114 D:/Apps/STM32CubeIDE_1.13.1/STM32CubeIDE/plugins/com.st.stm32cube.ide.mcu.externaltools.gnu-tools-for-stm32.11.3.rel1.win32_1.1.0.202305231506/tools/bin/../lib/gcc/arm-none-eabi/11.3.1/thumb/v6-m/nofp\libgcc.a(_udivsi3.o)
                0x0000000008000108                __aeabi_uidiv
                0x0000000008000108                __udivsi3
                0x0000000008000214                __aeabi_uidivmod
 .text          0x000000000800021c        0x4 D:/Apps/STM32CubeIDE_1.13.1/STM32CubeIDE/plugins/com.st.stm32cube.ide.mcu.externaltools.gnu-tools-for-stm32.11.3.rel1.win32_1.1.0.202305231506/tools/bin/../lib/gcc/arm-none-eabi/11.3.1/thumb/v6-m/nofp\libgcc.a(_dvmd_tls.o)
                0x000000000800021c                __aeabi_idiv0
                0x000000000800021c                __aeabi_ldiv0
 *(.text*)
 .text.MX_DMA_Init
                0x0000000008000220       0x3c ./Core/Src/dma.o
                0x0000000008000220                MX_DMA_Init
 .text.MX_GPIO_Init
                0x000000000800025c       0xd4 ./Core/Src/gpio.o
                0x000000000800025c                MX_GPIO_Init
 .text.HAL_UART_RxCpltCallback
                0x0000000008000330       0x38 ./Core/Src/main.o
                0x0000000008000330                HAL_UART_RxCpltCallback
 .text.HAL_UART_RxHalfCpltCallback
                0x0000000008000368       0x38 ./Core/Src/main.o
                0x0000000008000368                HAL_UART_RxHalfCpltCallback
 .text.main     0x00000000080003a0       0xc0 ./Core/Src/main.o
                0x00000000080003a0                main
 .text.SystemClock_Config
                0x0000000008000460       0xac ./Core/Src/main.o
                0x0000000008000460                SystemClock_Config
 .text.Error_Handler
                0x000000000800050c        0xa ./Core/Src/main.o
                0x000000000800050c                Error_Handler
 *fill*         0x0000000008000516        0x2 
 .text.HAL_MspInit
                0x0000000008000518       0x48 ./Core/Src/stm32f0xx_hal_msp.o
                0x0000000008000518                HAL_MspInit
 .text.NMI_Handler
                0x0000000008000560        0x6 ./Core/Src/stm32f0xx_it.o
                0x0000000008000560                NMI_Handler
 .text.HardFault_Handler
                0x0000000008000566        0x6 ./Core/Src/stm32f0xx_it.o
                0x0000000008000566                HardFault_Handler
 .text.SVC_Handler
                0x000000000800056c        0xa ./Core/Src/stm32f0xx_it.o
                0x000000000800056c                SVC_Handler
 .text.PendSV_Handler
                0x0000000008000576        0xa ./Core/Src/stm32f0xx_it.o
                0x0000000008000576                PendSV_Handler
 .text.SysTick_Handler
                0x0000000008000580        0xe ./Core/Src/stm32f0xx_it.o
                0x0000000008000580                SysTick_Handler
 *fill*         0x000000000800058e        0x2 
 .text.DMA1_Channel2_3_IRQHandler
                0x0000000008000590       0x18 ./Core/Src/stm32f0xx_it.o
                0x0000000008000590                DMA1_Channel2_3_IRQHandler
 .text.USART1_IRQHandler
                0x00000000080005a8       0x18 ./Core/Src/stm32f0xx_it.o
                0x00000000080005a8                USART1_IRQHandler
 .text.USART2_IRQHandler
                0x00000000080005c0       0x18 ./Core/Src/stm32f0xx_it.o
                0x00000000080005c0                USART2_IRQHandler
 .text.SystemInit
                0x00000000080005d8        0xa ./Core/Src/system_stm32f0xx.o
                0x00000000080005d8                SystemInit
 *fill*         0x00000000080005e2        0x2 
 .text.MX_USART1_UART_Init
                0x00000000080005e4       0x60 ./Core/Src/usart.o
                0x00000000080005e4                MX_USART1_UART_Init
 .text.MX_USART2_UART_Init
                0x0000000008000644       0x60 ./Core/Src/usart.o
                0x0000000008000644                MX_USART2_UART_Init
 .text.HAL_UART_MspInit
                0x00000000080006a4      0x184 ./Core/Src/usart.o
                0x00000000080006a4                HAL_UART_MspInit
 .text.Reset_Handler
                0x0000000008000828       0x50 ./Core/Startup/startup_stm32f072rbtx.o
                0x0000000008000828                Reset_Handler
 .text.Default_Handler
                0x0000000008000878        0x2 ./Core/Startup/startup_stm32f072rbtx.o
                0x0000000008000878                TIM1_CC_IRQHandler
                0x0000000008000878                TSC_IRQHandler
                0x0000000008000878                ADC1_COMP_IRQHandler
                0x0000000008000878                I2C1_IRQHandler
                0x0000000008000878                RCC_CRS_IRQHandler
                0x0000000008000878                SPI1_IRQHandler
                0x0000000008000878                TIM6_DAC_IRQHandler
                0x0000000008000878                USART3_4_IRQHandler
                0x0000000008000878                EXTI2_3_IRQHandler
                0x0000000008000878                I2C2_IRQHandler
                0x0000000008000878                TIM17_IRQHandler
                0x0000000008000878                CEC_CAN_IRQHandler
                0x0000000008000878                RTC_IRQHandler
                0x0000000008000878                PVD_VDDIO2_IRQHandler
                0x0000000008000878                DMA1_Channel4_5_6_7_IRQHandler
                0x0000000008000878                TIM16_IRQHandler
                0x0000000008000878                TIM3_IRQHandler
                0x0000000008000878                EXTI4_15_IRQHandler
                0x0000000008000878                DMA1_Channel1_IRQHandler
                0x0000000008000878                Default_Handler
                0x0000000008000878                TIM14_IRQHandler
                0x0000000008000878                TIM7_IRQHandler
                0x0000000008000878                TIM15_IRQHandler
                0x0000000008000878                EXTI0_1_IRQHandler
                0x0000000008000878                USB_IRQHandler
                0x0000000008000878                SPI2_IRQHandler
                0x0000000008000878                WWDG_IRQHandler
                0x0000000008000878                TIM2_IRQHandler
                0x0000000008000878                FLASH_IRQHandler
                0x0000000008000878                TIM1_BRK_UP_TRG_COM_IRQHandler
 *fill*         0x000000000800087a        0x2 
 .text.HAL_Init
                0x000000000800087c       0x28 ./Drivers/STM32F0xx_HAL_Driver/Src/stm32f0xx_hal.o
                0x000000000800087c                HAL_Init
 .text.HAL_InitTick
                0x00000000080008a4       0x68 ./Drivers/STM32F0xx_HAL_Driver/Src/stm32f0xx_hal.o
                0x00000000080008a4                HAL_InitTick
 .text.HAL_IncTick
                0x000000000800090c       0x24 ./Drivers/STM32F0xx_HAL_Driver/Src/stm32f0xx_hal.o
                0x000000000800090c                HAL_IncTick
 .text.HAL_GetTick
                0x0000000008000930       0x14 ./Drivers/STM32F0xx_HAL_Driver/Src/stm32f0xx_hal.o
                0x0000000008000930                HAL_GetTick
 .text.__NVIC_EnableIRQ
                0x0000000008000944       0x34 ./Drivers/STM32F0xx_HAL_Driver/Src/stm32f0xx_hal_cortex.o
 .text.__NVIC_SetPriority
                0x0000000008000978       0xdc ./Drivers/STM32F0xx_HAL_Driver/Src/stm32f0xx_hal_cortex.o
 .text.SysTick_Config
                0x0000000008000a54       0x48 ./Drivers/STM32F0xx_HAL_Driver/Src/stm32f0xx_hal_cortex.o
 .text.HAL_NVIC_SetPriority
                0x0000000008000a9c       0x2a ./Drivers/STM32F0xx_HAL_Driver/Src/stm32f0xx_hal_cortex.o
                0x0000000008000a9c                HAL_NVIC_SetPriority
 .text.HAL_NVIC_EnableIRQ
                0x0000000008000ac6       0x20 ./Drivers/STM32F0xx_HAL_Driver/Src/stm32f0xx_hal_cortex.o
                0x0000000008000ac6                HAL_NVIC_EnableIRQ
 .text.HAL_SYSTICK_Config
                0x0000000008000ae6       0x1a ./Drivers/STM32F0xx_HAL_Driver/Src/stm32f0xx_hal_cortex.o
                0x0000000008000ae6                HAL_SYSTICK_Config
 .text.HAL_DMA_Init
                0x0000000008000b00       0x90 ./Drivers/STM32F0xx_HAL_Driver/Src/stm32f0xx_hal_dma.o
                0x0000000008000b00                HAL_DMA_Init
 .text.HAL_DMA_Start_IT
                0x0000000008000b90       0xcc ./Drivers/STM32F0xx_HAL_Driver/Src/stm32f0xx_hal_dma.o
                0x0000000008000b90                HAL_DMA_Start_IT
 .text.HAL_DMA_Abort
                0x0000000008000c5c       0x70 ./Drivers/STM32F0xx_HAL_Driver/Src/stm32f0xx_hal_dma.o
                0x0000000008000c5c                HAL_DMA_Abort
 .text.HAL_DMA_Abort_IT
                0x0000000008000ccc       0x8a ./Drivers/STM32F0xx_HAL_Driver/Src/stm32f0xx_hal_dma.o
                0x0000000008000ccc                HAL_DMA_Abort_IT
 .text.HAL_DMA_IRQHandler
                0x0000000008000d56      0x144 ./Drivers/STM32F0xx_HAL_Driver/Src/stm32f0xx_hal_dma.o
                0x0000000008000d56                HAL_DMA_IRQHandler
 .text.DMA_SetConfig
                0x0000000008000e9a       0x58 ./Drivers/STM32F0xx_HAL_Driver/Src/stm32f0xx_hal_dma.o
 *fill*         0x0000000008000ef2        0x2 
 .text.DMA_CalcBaseAndBitshift
                0x0000000008000ef4       0x38 ./Drivers/STM32F0xx_HAL_Driver/Src/stm32f0xx_hal_dma.o
 .text.HAL_GPIO_Init
                0x0000000008000f2c      0x2f0 ./Drivers/STM32F0xx_HAL_Driver/Src/stm32f0xx_hal_gpio.o
                0x0000000008000f2c                HAL_GPIO_Init
 .text.HAL_GPIO_WritePin
                0x000000000800121c       0x3a ./Drivers/STM32F0xx_HAL_Driver/Src/stm32f0xx_hal_gpio.o
                0x000000000800121c                HAL_GPIO_WritePin
 .text.HAL_GPIO_TogglePin
                0x0000000008001256       0x36 ./Drivers/STM32F0xx_HAL_Driver/Src/stm32f0xx_hal_gpio.o
                0x0000000008001256                HAL_GPIO_TogglePin
 .text.HAL_RCC_OscConfig
                0x000000000800128c      0x70c ./Drivers/STM32F0xx_HAL_Driver/Src/stm32f0xx_hal_rcc.o
                0x000000000800128c                HAL_RCC_OscConfig
 .text.HAL_RCC_ClockConfig
                0x0000000008001998      0x1b4 ./Drivers/STM32F0xx_HAL_Driver/Src/stm32f0xx_hal_rcc.o
                0x0000000008001998                HAL_RCC_ClockConfig
 .text.HAL_RCC_GetSysClockFreq
                0x0000000008001b4c       0xe4 ./Drivers/STM32F0xx_HAL_Driver/Src/stm32f0xx_hal_rcc.o
                0x0000000008001b4c                HAL_RCC_GetSysClockFreq
 .text.HAL_RCC_GetHCLKFreq
                0x0000000008001c30       0x14 ./Drivers/STM32F0xx_HAL_Driver/Src/stm32f0xx_hal_rcc.o
                0x0000000008001c30                HAL_RCC_GetHCLKFreq
 .text.HAL_RCC_GetPCLK1Freq
                0x0000000008001c44       0x2c ./Drivers/STM32F0xx_HAL_Driver/Src/stm32f0xx_hal_rcc.o
                0x0000000008001c44                HAL_RCC_GetPCLK1Freq
 .text.HAL_RCCEx_PeriphCLKConfig
                0x0000000008001c70      0x1fc ./Drivers/STM32F0xx_HAL_Driver/Src/stm32f0xx_hal_rcc_ex.o
                0x0000000008001c70                HAL_RCCEx_PeriphCLKConfig
 .text.HAL_UART_Init
                0x0000000008001e6c       0xa8 ./Drivers/STM32F0xx_HAL_Driver/Src/stm32f0xx_hal_uart.o
                0x0000000008001e6c                HAL_UART_Init
 .text.HAL_UART_Transmit
                0x0000000008001f14      0x140 ./Drivers/STM32F0xx_HAL_Driver/Src/stm32f0xx_hal_uart.o
                0x0000000008001f14                HAL_UART_Transmit
 .text.HAL_UART_Receive_IT
                0x0000000008002054       0xae ./Drivers/STM32F0xx_HAL_Driver/Src/stm32f0xx_hal_uart.o
                0x0000000008002054                HAL_UART_Receive_IT
 .text.HAL_UART_Receive_DMA
                0x0000000008002102       0xae ./Drivers/STM32F0xx_HAL_Driver/Src/stm32f0xx_hal_uart.o
                0x0000000008002102                HAL_UART_Receive_DMA
 .text.HAL_UART_IRQHandler
                0x00000000080021b0      0x5c0 ./Drivers/STM32F0xx_HAL_Driver/Src/stm32f0xx_hal_uart.o
                0x00000000080021b0                HAL_UART_IRQHandler
 .text.HAL_UART_TxCpltCallback
                0x0000000008002770       0x10 ./Drivers/STM32F0xx_HAL_Driver/Src/stm32f0xx_hal_uart.o
                0x0000000008002770                HAL_UART_TxCpltCallback
 .text.HAL_UART_ErrorCallback
                0x0000000008002780       0x10 ./Drivers/STM32F0xx_HAL_Driver/Src/stm32f0xx_hal_uart.o
                0x0000000008002780                HAL_UART_ErrorCallback
 .text.HAL_UARTEx_RxEventCallback
                0x0000000008002790       0x16 ./Drivers/STM32F0xx_HAL_Driver/Src/stm32f0xx_hal_uart.o
                0x0000000008002790                HAL_UARTEx_RxEventCallback
 *fill*         0x00000000080027a6        0x2 
 .text.UART_SetConfig
                0x00000000080027a8      0x310 ./Drivers/STM32F0xx_HAL_Driver/Src/stm32f0xx_hal_uart.o
                0x00000000080027a8                UART_SetConfig
 .text.UART_AdvFeatureConfig
                0x0000000008002ab8      0x168 ./Drivers/STM32F0xx_HAL_Driver/Src/stm32f0xx_hal_uart.o
                0x0000000008002ab8                UART_AdvFeatureConfig
 .text.UART_CheckIdleState
                0x0000000008002c20      0x150 ./Drivers/STM32F0xx_HAL_Driver/Src/stm32f0xx_hal_uart.o
                0x0000000008002c20                UART_CheckIdleState
 .text.UART_WaitOnFlagUntilTimeout
                0x0000000008002d70       0xd2 ./Drivers/STM32F0xx_HAL_Driver/Src/stm32f0xx_hal_uart.o
                0x0000000008002d70                UART_WaitOnFlagUntilTimeout
 *fill*         0x0000000008002e42        0x2 
 .text.UART_Start_Receive_IT
                0x0000000008002e44      0x194 ./Drivers/STM32F0xx_HAL_Driver/Src/stm32f0xx_hal_uart.o
                0x0000000008002e44                UART_Start_Receive_IT
 .text.UART_Start_Receive_DMA
                0x0000000008002fd8      0x140 ./Drivers/STM32F0xx_HAL_Driver/Src/stm32f0xx_hal_uart.o
                0x0000000008002fd8                UART_Start_Receive_DMA
 .text.UART_EndTxTransfer
                0x0000000008003118       0x48 ./Drivers/STM32F0xx_HAL_Driver/Src/stm32f0xx_hal_uart.o
 .text.UART_EndRxTransfer
                0x0000000008003160       0xc8 ./Drivers/STM32F0xx_HAL_Driver/Src/stm32f0xx_hal_uart.o
 .text.UART_DMAReceiveCplt
                0x0000000008003228      0x12c ./Drivers/STM32F0xx_HAL_Driver/Src/stm32f0xx_hal_uart.o
 .text.UART_DMARxHalfCplt
                0x0000000008003354       0x42 ./Drivers/STM32F0xx_HAL_Driver/Src/stm32f0xx_hal_uart.o
 .text.UART_DMAError
                0x0000000008003396       0x84 ./Drivers/STM32F0xx_HAL_Driver/Src/stm32f0xx_hal_uart.o
 .text.UART_DMAAbortOnError
                0x000000000800341a       0x2e ./Drivers/STM32F0xx_HAL_Driver/Src/stm32f0xx_hal_uart.o
 .text.UART_EndTransmit_IT
                0x0000000008003448       0x56 ./Drivers/STM32F0xx_HAL_Driver/Src/stm32f0xx_hal_uart.o
 *fill*         0x000000000800349e        0x2 
 .text.UART_RxISR_8BIT
                0x00000000080034a0      0x1b8 ./Drivers/STM32F0xx_HAL_Driver/Src/stm32f0xx_hal_uart.o
 .text.UART_RxISR_16BIT
                0x0000000008003658      0x1b8 ./Drivers/STM32F0xx_HAL_Driver/Src/stm32f0xx_hal_uart.o
 .text.HAL_UARTEx_WakeupCallback
                0x0000000008003810       0x10 ./Drivers/STM32F0xx_HAL_Driver/Src/stm32f0xx_hal_uart_ex.o
                0x0000000008003810                HAL_UARTEx_WakeupCallback
 .text.ares_lidar_dma_irq_handler
                0x0000000008003820      0x29c ./Prod/Src/vl53l1x_ares_lidar.o
                0x0000000008003820                ares_lidar_dma_irq_handler
 .text.memset   0x0000000008003abc       0x10 D:/Apps/STM32CubeIDE_1.13.1/STM32CubeIDE/plugins/com.st.stm32cube.ide.mcu.externaltools.gnu-tools-for-stm32.11.3.rel1.win32_1.1.0.202305231506/tools/bin/../lib/gcc/arm-none-eabi/11.3.1/../../../../arm-none-eabi/lib/thumb/v6-m/nofp\libc_nano.a(libc_a-memset.o)
                0x0000000008003abc                memset
 .text.__libc_init_array
                0x0000000008003acc       0x48 D:/Apps/STM32CubeIDE_1.13.1/STM32CubeIDE/plugins/com.st.stm32cube.ide.mcu.externaltools.gnu-tools-for-stm32.11.3.rel1.win32_1.1.0.202305231506/tools/bin/../lib/gcc/arm-none-eabi/11.3.1/../../../../arm-none-eabi/lib/thumb/v6-m/nofp\libc_nano.a(libc_a-init.o)
                0x0000000008003acc                __libc_init_array
 *(.glue_7)
 .glue_7        0x0000000008003b14        0x0 linker stubs
 *(.glue_7t)
 .glue_7t       0x0000000008003b14        0x0 linker stubs
 *(.eh_frame)
 .eh_frame      0x0000000008003b14        0x0 D:/Apps/STM32CubeIDE_1.13.1/STM32CubeIDE/plugins/com.st.stm32cube.ide.mcu.externaltools.gnu-tools-for-stm32.11.3.rel1.win32_1.1.0.202305231506/tools/bin/../lib/gcc/arm-none-eabi/11.3.1/thumb/v6-m/nofp/crtbegin.o
 *(.init)
 .init          0x0000000008003b14        0x4 D:/Apps/STM32CubeIDE_1.13.1/STM32CubeIDE/plugins/com.st.stm32cube.ide.mcu.externaltools.gnu-tools-for-stm32.11.3.rel1.win32_1.1.0.202305231506/tools/bin/../lib/gcc/arm-none-eabi/11.3.1/thumb/v6-m/nofp/crti.o
                0x0000000008003b14                _init
 .init          0x0000000008003b18        0x8 D:/Apps/STM32CubeIDE_1.13.1/STM32CubeIDE/plugins/com.st.stm32cube.ide.mcu.externaltools.gnu-tools-for-stm32.11.3.rel1.win32_1.1.0.202305231506/tools/bin/../lib/gcc/arm-none-eabi/11.3.1/thumb/v6-m/nofp/crtn.o
 *(.fini)
 .fini          0x0000000008003b20        0x4 D:/Apps/STM32CubeIDE_1.13.1/STM32CubeIDE/plugins/com.st.stm32cube.ide.mcu.externaltools.gnu-tools-for-stm32.11.3.rel1.win32_1.1.0.202305231506/tools/bin/../lib/gcc/arm-none-eabi/11.3.1/thumb/v6-m/nofp/crti.o
                0x0000000008003b20                _fini
 .fini          0x0000000008003b24        0x8 D:/Apps/STM32CubeIDE_1.13.1/STM32CubeIDE/plugins/com.st.stm32cube.ide.mcu.externaltools.gnu-tools-for-stm32.11.3.rel1.win32_1.1.0.202305231506/tools/bin/../lib/gcc/arm-none-eabi/11.3.1/thumb/v6-m/nofp/crtn.o
                0x0000000008003b2c                . = ALIGN (0x4)
                0x0000000008003b2c                _etext = .

.vfp11_veneer   0x0000000008003b2c        0x0
 .vfp11_veneer  0x0000000008003b2c        0x0 linker stubs

.v4_bx          0x0000000008003b2c        0x0
 .v4_bx         0x0000000008003b2c        0x0 linker stubs

.iplt           0x0000000008003b2c        0x0
 .iplt          0x0000000008003b2c        0x0 D:/Apps/STM32CubeIDE_1.13.1/STM32CubeIDE/plugins/com.st.stm32cube.ide.mcu.externaltools.gnu-tools-for-stm32.11.3.rel1.win32_1.1.0.202305231506/tools/bin/../lib/gcc/arm-none-eabi/11.3.1/thumb/v6-m/nofp/crtbegin.o

.rodata         0x0000000008003b2c       0x38
                0x0000000008003b2c                . = ALIGN (0x4)
 *(.rodata)
 *(.rodata*)
 .rodata.AHBPrescTable
                0x0000000008003b2c       0x10 ./Core/Src/system_stm32f0xx.o
                0x0000000008003b2c                AHBPrescTable
 .rodata.APBPrescTable
                0x0000000008003b3c        0x8 ./Core/Src/system_stm32f0xx.o
                0x0000000008003b3c                APBPrescTable
 .rodata.aPLLMULFactorTable.1
                0x0000000008003b44       0x10 ./Drivers/STM32F0xx_HAL_Driver/Src/stm32f0xx_hal_rcc.o
 .rodata.aPredivFactorTable.0
                0x0000000008003b54       0x10 ./Drivers/STM32F0xx_HAL_Driver/Src/stm32f0xx_hal_rcc.o
                0x0000000008003b64                . = ALIGN (0x4)

.rel.dyn        0x0000000008003b64        0x0
 .rel.iplt      0x0000000008003b64        0x0 D:/Apps/STM32CubeIDE_1.13.1/STM32CubeIDE/plugins/com.st.stm32cube.ide.mcu.externaltools.gnu-tools-for-stm32.11.3.rel1.win32_1.1.0.202305231506/tools/bin/../lib/gcc/arm-none-eabi/11.3.1/thumb/v6-m/nofp/crtbegin.o

.ARM.extab      0x0000000008003b64        0x0
                0x0000000008003b64                . = ALIGN (0x4)
 *(.ARM.extab* .gnu.linkonce.armextab.*)
                0x0000000008003b64                . = ALIGN (0x4)

.ARM            0x0000000008003b64        0x0
                0x0000000008003b64                . = ALIGN (0x4)
                0x0000000008003b64                __exidx_start = .
 *(.ARM.exidx*)
                0x0000000008003b64                __exidx_end = .
                0x0000000008003b64                . = ALIGN (0x4)

.preinit_array  0x0000000008003b64        0x0
                0x0000000008003b64                . = ALIGN (0x4)
                0x0000000008003b64                PROVIDE (__preinit_array_start = .)
 *(.preinit_array*)
                0x0000000008003b64                PROVIDE (__preinit_array_end = .)
                0x0000000008003b64                . = ALIGN (0x4)

.init_array     0x0000000008003b64        0x4
                0x0000000008003b64                . = ALIGN (0x4)
                0x0000000008003b64                PROVIDE (__init_array_start = .)
 *(SORT_BY_NAME(.init_array.*))
 *(.init_array*)
 .init_array    0x0000000008003b64        0x4 D:/Apps/STM32CubeIDE_1.13.1/STM32CubeIDE/plugins/com.st.stm32cube.ide.mcu.externaltools.gnu-tools-for-stm32.11.3.rel1.win32_1.1.0.202305231506/tools/bin/../lib/gcc/arm-none-eabi/11.3.1/thumb/v6-m/nofp/crtbegin.o
                0x0000000008003b68                PROVIDE (__init_array_end = .)
                0x0000000008003b68                . = ALIGN (0x4)

.fini_array     0x0000000008003b68        0x4
                0x0000000008003b68                . = ALIGN (0x4)
                [!provide]                        PROVIDE (__fini_array_start = .)
 *(SORT_BY_NAME(.fini_array.*))
 *(.fini_array*)
 .fini_array    0x0000000008003b68        0x4 D:/Apps/STM32CubeIDE_1.13.1/STM32CubeIDE/plugins/com.st.stm32cube.ide.mcu.externaltools.gnu-tools-for-stm32.11.3.rel1.win32_1.1.0.202305231506/tools/bin/../lib/gcc/arm-none-eabi/11.3.1/thumb/v6-m/nofp/crtbegin.o
                [!provide]                        PROVIDE (__fini_array_end = .)
                0x0000000008003b6c                . = ALIGN (0x4)
                0x0000000008003b6c                _sidata = LOADADDR (.data)

.data           0x0000000020000000        0xc load address 0x0000000008003b6c
                0x0000000020000000                . = ALIGN (0x4)
                0x0000000020000000                _sdata = .
 *(.data)
 *(.data*)
 .data.SystemCoreClock
                0x0000000020000000        0x4 ./Core/Src/system_stm32f0xx.o
                0x0000000020000000                SystemCoreClock
 .data.uwTickPrio
                0x0000000020000004        0x4 ./Drivers/STM32F0xx_HAL_Driver/Src/stm32f0xx_hal.o
                0x0000000020000004                uwTickPrio
 .data.uwTickFreq
                0x0000000020000008        0x1 ./Drivers/STM32F0xx_HAL_Driver/Src/stm32f0xx_hal.o
                0x0000000020000008                uwTickFreq
 *(.RamFunc)
 *(.RamFunc*)
                0x000000002000000c                . = ALIGN (0x4)
 *fill*         0x0000000020000009        0x3 
                0x000000002000000c                _edata = .

.igot.plt       0x000000002000000c        0x0 load address 0x0000000008003b78
 .igot.plt      0x000000002000000c        0x0 D:/Apps/STM32CubeIDE_1.13.1/STM32CubeIDE/plugins/com.st.stm32cube.ide.mcu.externaltools.gnu-tools-for-stm32.11.3.rel1.win32_1.1.0.202305231506/tools/bin/../lib/gcc/arm-none-eabi/11.3.1/thumb/v6-m/nofp/crtbegin.o
                0x000000002000000c                . = ALIGN (0x4)

.bss            0x000000002000000c      0x2a0 load address 0x0000000008003b78
                0x000000002000000c                _sbss = .
                0x000000002000000c                __bss_start__ = _sbss
 *(.bss)
 .bss           0x000000002000000c       0x1c D:/Apps/STM32CubeIDE_1.13.1/STM32CubeIDE/plugins/com.st.stm32cube.ide.mcu.externaltools.gnu-tools-for-stm32.11.3.rel1.win32_1.1.0.202305231506/tools/bin/../lib/gcc/arm-none-eabi/11.3.1/thumb/v6-m/nofp/crtbegin.o
 *(.bss*)
 .bss.lidar     0x0000000020000028      0x128 ./Core/Src/main.o
                0x0000000020000028                lidar
 .bss.huart1    0x0000000020000150       0x88 ./Core/Src/usart.o
                0x0000000020000150                huart1
 .bss.huart2    0x00000000200001d8       0x88 ./Core/Src/usart.o
                0x00000000200001d8                huart2
 .bss.hdma_usart1_rx
                0x0000000020000260       0x44 ./Core/Src/usart.o
                0x0000000020000260                hdma_usart1_rx
 .bss.uwTick    0x00000000200002a4        0x4 ./Drivers/STM32F0xx_HAL_Driver/Src/stm32f0xx_hal.o
                0x00000000200002a4                uwTick
 .bss.reading_head.2
                0x00000000200002a8        0x1 ./Prod/Src/vl53l1x_ares_lidar.o
 .bss.wait_for_head_cmp.1
                0x00000000200002a9        0x1 ./Prod/Src/vl53l1x_ares_lidar.o
 .bss.wait_for_fill.0
                0x00000000200002aa        0x1 ./Prod/Src/vl53l1x_ares_lidar.o
 *(COMMON)
                0x00000000200002ac                . = ALIGN (0x4)
 *fill*         0x00000000200002ab        0x1 
                0x00000000200002ac                _ebss = .
                0x00000000200002ac                __bss_end__ = _ebss

._user_heap_stack
                0x00000000200002ac      0x604 load address 0x0000000008003b78
                0x00000000200002b0                . = ALIGN (0x8)
 *fill*         0x00000000200002ac        0x4 
                [!provide]                        PROVIDE (end = .)
                0x00000000200002b0                PROVIDE (_end = .)
                0x00000000200004b0                . = (. + _Min_Heap_Size)
 *fill*         0x00000000200002b0      0x200 
                0x00000000200008b0                . = (. + _Min_Stack_Size)
 *fill*         0x00000000200004b0      0x400 
                0x00000000200008b0                . = ALIGN (0x8)

/DISCARD/
 libc.a(*)
 libm.a(*)
 libgcc.a(*)

.ARM.attributes
                0x0000000000000000       0x28
 *(.ARM.attributes)
 .ARM.attributes
                0x0000000000000000       0x1e D:/Apps/STM32CubeIDE_1.13.1/STM32CubeIDE/plugins/com.st.stm32cube.ide.mcu.externaltools.gnu-tools-for-stm32.11.3.rel1.win32_1.1.0.202305231506/tools/bin/../lib/gcc/arm-none-eabi/11.3.1/thumb/v6-m/nofp/crti.o
 .ARM.attributes
                0x000000000000001e       0x2c D:/Apps/STM32CubeIDE_1.13.1/STM32CubeIDE/plugins/com.st.stm32cube.ide.mcu.externaltools.gnu-tools-for-stm32.11.3.rel1.win32_1.1.0.202305231506/tools/bin/../lib/gcc/arm-none-eabi/11.3.1/thumb/v6-m/nofp/crtbegin.o
 .ARM.attributes
                0x000000000000004a       0x2c ./Core/Src/dma.o
 .ARM.attributes
                0x0000000000000076       0x2c ./Core/Src/gpio.o
 .ARM.attributes
                0x00000000000000a2       0x2c ./Core/Src/main.o
 .ARM.attributes
                0x00000000000000ce       0x2c ./Core/Src/stm32f0xx_hal_msp.o
 .ARM.attributes
                0x00000000000000fa       0x2c ./Core/Src/stm32f0xx_it.o
 .ARM.attributes
                0x0000000000000126       0x2c ./Core/Src/system_stm32f0xx.o
 .ARM.attributes
                0x0000000000000152       0x2c ./Core/Src/usart.o
 .ARM.attributes
                0x000000000000017e       0x21 ./Core/Startup/startup_stm32f072rbtx.o
 .ARM.attributes
                0x000000000000019f       0x2c ./Drivers/STM32F0xx_HAL_Driver/Src/stm32f0xx_hal.o
 .ARM.attributes
                0x00000000000001cb       0x2c ./Drivers/STM32F0xx_HAL_Driver/Src/stm32f0xx_hal_cortex.o
 .ARM.attributes
                0x00000000000001f7       0x2c ./Drivers/STM32F0xx_HAL_Driver/Src/stm32f0xx_hal_dma.o
 .ARM.attributes
                0x0000000000000223       0x2c ./Drivers/STM32F0xx_HAL_Driver/Src/stm32f0xx_hal_gpio.o
 .ARM.attributes
                0x000000000000024f       0x2c ./Drivers/STM32F0xx_HAL_Driver/Src/stm32f0xx_hal_rcc.o
 .ARM.attributes
                0x000000000000027b       0x2c ./Drivers/STM32F0xx_HAL_Driver/Src/stm32f0xx_hal_rcc_ex.o
 .ARM.attributes
                0x00000000000002a7       0x2c ./Drivers/STM32F0xx_HAL_Driver/Src/stm32f0xx_hal_uart.o
 .ARM.attributes
                0x00000000000002d3       0x2c ./Drivers/STM32F0xx_HAL_Driver/Src/stm32f0xx_hal_uart_ex.o
 .ARM.attributes
                0x00000000000002ff       0x2c ./Prod/Src/vl53l1x_ares_lidar.o
 .ARM.attributes
                0x000000000000032b       0x2c D:/Apps/STM32CubeIDE_1.13.1/STM32CubeIDE/plugins/com.st.stm32cube.ide.mcu.externaltools.gnu-tools-for-stm32.11.3.rel1.win32_1.1.0.202305231506/tools/bin/../lib/gcc/arm-none-eabi/11.3.1/../../../../arm-none-eabi/lib/thumb/v6-m/nofp\libc_nano.a(libc_a-memset.o)
 .ARM.attributes
                0x0000000000000357       0x2c D:/Apps/STM32CubeIDE_1.13.1/STM32CubeIDE/plugins/com.st.stm32cube.ide.mcu.externaltools.gnu-tools-for-stm32.11.3.rel1.win32_1.1.0.202305231506/tools/bin/../lib/gcc/arm-none-eabi/11.3.1/../../../../arm-none-eabi/lib/thumb/v6-m/nofp\libc_nano.a(libc_a-init.o)
 .ARM.attributes
                0x0000000000000383       0x1e D:/Apps/STM32CubeIDE_1.13.1/STM32CubeIDE/plugins/com.st.stm32cube.ide.mcu.externaltools.gnu-tools-for-stm32.11.3.rel1.win32_1.1.0.202305231506/tools/bin/../lib/gcc/arm-none-eabi/11.3.1/thumb/v6-m/nofp\libgcc.a(_udivsi3.o)
 .ARM.attributes
                0x00000000000003a1       0x1e D:/Apps/STM32CubeIDE_1.13.1/STM32CubeIDE/plugins/com.st.stm32cube.ide.mcu.externaltools.gnu-tools-for-stm32.11.3.rel1.win32_1.1.0.202305231506/tools/bin/../lib/gcc/arm-none-eabi/11.3.1/thumb/v6-m/nofp\libgcc.a(_dvmd_tls.o)
 .ARM.attributes
                0x00000000000003bf       0x1e D:/Apps/STM32CubeIDE_1.13.1/STM32CubeIDE/plugins/com.st.stm32cube.ide.mcu.externaltools.gnu-tools-for-stm32.11.3.rel1.win32_1.1.0.202305231506/tools/bin/../lib/gcc/arm-none-eabi/11.3.1/thumb/v6-m/nofp/crtn.o
OUTPUT(072RB_SERIAL_LIDAR.elf elf32-littlearm)
LOAD linker stubs
LOAD D:/Apps/STM32CubeIDE_1.13.1/STM32CubeIDE/plugins/com.st.stm32cube.ide.mcu.externaltools.gnu-tools-for-stm32.11.3.rel1.win32_1.1.0.202305231506/tools/bin/../lib/gcc/arm-none-eabi/11.3.1/../../../../arm-none-eabi/lib/thumb/v6-m/nofp\libc.a
LOAD D:/Apps/STM32CubeIDE_1.13.1/STM32CubeIDE/plugins/com.st.stm32cube.ide.mcu.externaltools.gnu-tools-for-stm32.11.3.rel1.win32_1.1.0.202305231506/tools/bin/../lib/gcc/arm-none-eabi/11.3.1/../../../../arm-none-eabi/lib/thumb/v6-m/nofp\libm.a
LOAD D:/Apps/STM32CubeIDE_1.13.1/STM32CubeIDE/plugins/com.st.stm32cube.ide.mcu.externaltools.gnu-tools-for-stm32.11.3.rel1.win32_1.1.0.202305231506/tools/bin/../lib/gcc/arm-none-eabi/11.3.1/thumb/v6-m/nofp\libgcc.a

.comment        0x0000000000000000       0x43
 .comment       0x0000000000000000       0x43 D:/Apps/STM32CubeIDE_1.13.1/STM32CubeIDE/plugins/com.st.stm32cube.ide.mcu.externaltools.gnu-tools-for-stm32.11.3.rel1.win32_1.1.0.202305231506/tools/bin/../lib/gcc/arm-none-eabi/11.3.1/thumb/v6-m/nofp/crtbegin.o
                                         0x44 (size before relaxing)
 .comment       0x0000000000000043       0x44 ./Core/Src/dma.o
 .comment       0x0000000000000043       0x44 ./Core/Src/gpio.o
 .comment       0x0000000000000043       0x44 ./Core/Src/main.o
 .comment       0x0000000000000043       0x44 ./Core/Src/stm32f0xx_hal_msp.o
 .comment       0x0000000000000043       0x44 ./Core/Src/stm32f0xx_it.o
 .comment       0x0000000000000043       0x44 ./Core/Src/system_stm32f0xx.o
 .comment       0x0000000000000043       0x44 ./Core/Src/usart.o
 .comment       0x0000000000000043       0x44 ./Drivers/STM32F0xx_HAL_Driver/Src/stm32f0xx_hal.o
 .comment       0x0000000000000043       0x44 ./Drivers/STM32F0xx_HAL_Driver/Src/stm32f0xx_hal_cortex.o
 .comment       0x0000000000000043       0x44 ./Drivers/STM32F0xx_HAL_Driver/Src/stm32f0xx_hal_dma.o
 .comment       0x0000000000000043       0x44 ./Drivers/STM32F0xx_HAL_Driver/Src/stm32f0xx_hal_gpio.o
 .comment       0x0000000000000043       0x44 ./Drivers/STM32F0xx_HAL_Driver/Src/stm32f0xx_hal_rcc.o
 .comment       0x0000000000000043       0x44 ./Drivers/STM32F0xx_HAL_Driver/Src/stm32f0xx_hal_rcc_ex.o
 .comment       0x0000000000000043       0x44 ./Drivers/STM32F0xx_HAL_Driver/Src/stm32f0xx_hal_uart.o
 .comment       0x0000000000000043       0x44 ./Drivers/STM32F0xx_HAL_Driver/Src/stm32f0xx_hal_uart_ex.o
 .comment       0x0000000000000043       0x44 ./Prod/Src/vl53l1x_ares_lidar.o

.debug_info     0x0000000000000000     0x9905
 .debug_info    0x0000000000000000      0x2a3 ./Core/Src/dma.o
 .debug_info    0x00000000000002a3      0x32b ./Core/Src/gpio.o
 .debug_info    0x00000000000005ce      0xbea ./Core/Src/main.o
 .debug_info    0x00000000000011b8      0x199 ./Core/Src/stm32f0xx_hal_msp.o
 .debug_info    0x0000000000001351      0x6f9 ./Core/Src/stm32f0xx_it.o
 .debug_info    0x0000000000001a4a      0x242 ./Core/Src/system_stm32f0xx.o
 .debug_info    0x0000000000001c8c      0xaf1 ./Core/Src/usart.o
 .debug_info    0x000000000000277d       0x23 ./Core/Startup/startup_stm32f072rbtx.o
 .debug_info    0x00000000000027a0      0x6c9 ./Drivers/STM32F0xx_HAL_Driver/Src/stm32f0xx_hal.o
 .debug_info    0x0000000000002e69      0x6c5 ./Drivers/STM32F0xx_HAL_Driver/Src/stm32f0xx_hal_cortex.o
 .debug_info    0x000000000000352e      0x6ea ./Drivers/STM32F0xx_HAL_Driver/Src/stm32f0xx_hal_dma.o
 .debug_info    0x0000000000003c18      0x5a6 ./Drivers/STM32F0xx_HAL_Driver/Src/stm32f0xx_hal_gpio.o
 .debug_info    0x00000000000041be      0x83f ./Drivers/STM32F0xx_HAL_Driver/Src/stm32f0xx_hal_rcc.o
 .debug_info    0x00000000000049fd      0x61c ./Drivers/STM32F0xx_HAL_Driver/Src/stm32f0xx_hal_rcc_ex.o
 .debug_info    0x0000000000005019     0x3aa2 ./Drivers/STM32F0xx_HAL_Driver/Src/stm32f0xx_hal_uart.o
 .debug_info    0x0000000000008abb      0xc82 ./Drivers/STM32F0xx_HAL_Driver/Src/stm32f0xx_hal_uart_ex.o
 .debug_info    0x000000000000973d      0x1c8 ./Prod/Src/vl53l1x_ares_lidar.o

.debug_abbrev   0x0000000000000000     0x1d80
 .debug_abbrev  0x0000000000000000       0xfc ./Core/Src/dma.o
 .debug_abbrev  0x00000000000000fc      0x152 ./Core/Src/gpio.o
 .debug_abbrev  0x000000000000024e      0x28f ./Core/Src/main.o
 .debug_abbrev  0x00000000000004dd       0xc6 ./Core/Src/stm32f0xx_hal_msp.o
 .debug_abbrev  0x00000000000005a3      0x175 ./Core/Src/stm32f0xx_it.o
 .debug_abbrev  0x0000000000000718      0x11c ./Core/Src/system_stm32f0xx.o
 .debug_abbrev  0x0000000000000834      0x22f ./Core/Src/usart.o
 .debug_abbrev  0x0000000000000a63       0x12 ./Core/Startup/startup_stm32f072rbtx.o
 .debug_abbrev  0x0000000000000a75      0x213 ./Drivers/STM32F0xx_HAL_Driver/Src/stm32f0xx_hal.o
 .debug_abbrev  0x0000000000000c88      0x28c ./Drivers/STM32F0xx_HAL_Driver/Src/stm32f0xx_hal_cortex.o
 .debug_abbrev  0x0000000000000f14      0x224 ./Drivers/STM32F0xx_HAL_Driver/Src/stm32f0xx_hal_dma.o
 .debug_abbrev  0x0000000000001138      0x1cb ./Drivers/STM32F0xx_HAL_Driver/Src/stm32f0xx_hal_gpio.o
 .debug_abbrev  0x0000000000001303      0x28c ./Drivers/STM32F0xx_HAL_Driver/Src/stm32f0xx_hal_rcc.o
 .debug_abbrev  0x000000000000158f      0x1a6 ./Drivers/STM32F0xx_HAL_Driver/Src/stm32f0xx_hal_rcc_ex.o
 .debug_abbrev  0x0000000000001735      0x2cd ./Drivers/STM32F0xx_HAL_Driver/Src/stm32f0xx_hal_uart.o
 .debug_abbrev  0x0000000000001a02      0x2a9 ./Drivers/STM32F0xx_HAL_Driver/Src/stm32f0xx_hal_uart_ex.o
 .debug_abbrev  0x0000000000001cab       0xd5 ./Prod/Src/vl53l1x_ares_lidar.o

.debug_aranges  0x0000000000000000      0x7a0
 .debug_aranges
                0x0000000000000000       0x20 ./Core/Src/dma.o
 .debug_aranges
                0x0000000000000020       0x20 ./Core/Src/gpio.o
 .debug_aranges
                0x0000000000000040       0x40 ./Core/Src/main.o
 .debug_aranges
                0x0000000000000080       0x20 ./Core/Src/stm32f0xx_hal_msp.o
 .debug_aranges
                0x00000000000000a0       0x58 ./Core/Src/stm32f0xx_it.o
 .debug_aranges
                0x00000000000000f8       0x28 ./Core/Src/system_stm32f0xx.o
 .debug_aranges
                0x0000000000000120       0x38 ./Core/Src/usart.o
 .debug_aranges
                0x0000000000000158       0x28 ./Core/Startup/startup_stm32f072rbtx.o
 .debug_aranges
                0x0000000000000180       0xd0 ./Drivers/STM32F0xx_HAL_Driver/Src/stm32f0xx_hal.o
 .debug_aranges
                0x0000000000000250       0xc0 ./Drivers/STM32F0xx_HAL_Driver/Src/stm32f0xx_hal_cortex.o
 .debug_aranges
                0x0000000000000310       0x88 ./Drivers/STM32F0xx_HAL_Driver/Src/stm32f0xx_hal_dma.o
 .debug_aranges
                0x0000000000000398       0x58 ./Drivers/STM32F0xx_HAL_Driver/Src/stm32f0xx_hal_gpio.o
 .debug_aranges
                0x00000000000003f0       0x80 ./Drivers/STM32F0xx_HAL_Driver/Src/stm32f0xx_hal_rcc.o
 .debug_aranges
                0x0000000000000470       0x78 ./Drivers/STM32F0xx_HAL_Driver/Src/stm32f0xx_hal_rcc_ex.o
 .debug_aranges
                0x00000000000004e8      0x228 ./Drivers/STM32F0xx_HAL_Driver/Src/stm32f0xx_hal_uart.o
 .debug_aranges
                0x0000000000000710       0x70 ./Drivers/STM32F0xx_HAL_Driver/Src/stm32f0xx_hal_uart_ex.o
 .debug_aranges
                0x0000000000000780       0x20 ./Prod/Src/vl53l1x_ares_lidar.o

.debug_rnglists
                0x0000000000000000      0x5c9
 .debug_rnglists
                0x0000000000000000       0x13 ./Core/Src/dma.o
 .debug_rnglists
                0x0000000000000013       0x14 ./Core/Src/gpio.o
 .debug_rnglists
                0x0000000000000027       0x2d ./Core/Src/main.o
 .debug_rnglists
                0x0000000000000054       0x13 ./Core/Src/stm32f0xx_hal_msp.o
 .debug_rnglists
                0x0000000000000067       0x3d ./Core/Src/stm32f0xx_it.o
 .debug_rnglists
                0x00000000000000a4       0x1a ./Core/Src/system_stm32f0xx.o
 .debug_rnglists
                0x00000000000000be       0x27 ./Core/Src/usart.o
 .debug_rnglists
                0x00000000000000e5       0x19 ./Core/Startup/startup_stm32f072rbtx.o
 .debug_rnglists
                0x00000000000000fe       0x97 ./Drivers/STM32F0xx_HAL_Driver/Src/stm32f0xx_hal.o
 .debug_rnglists
                0x0000000000000195       0x8c ./Drivers/STM32F0xx_HAL_Driver/Src/stm32f0xx_hal_cortex.o
 .debug_rnglists
                0x0000000000000221       0x6a ./Drivers/STM32F0xx_HAL_Driver/Src/stm32f0xx_hal_dma.o
 .debug_rnglists
                0x000000000000028b       0x3f ./Drivers/STM32F0xx_HAL_Driver/Src/stm32f0xx_hal_gpio.o
 .debug_rnglists
                0x00000000000002ca       0x61 ./Drivers/STM32F0xx_HAL_Driver/Src/stm32f0xx_hal_rcc.o
 .debug_rnglists
                0x000000000000032b       0x5b ./Drivers/STM32F0xx_HAL_Driver/Src/stm32f0xx_hal_rcc_ex.o
 .debug_rnglists
                0x0000000000000386      0x1db ./Drivers/STM32F0xx_HAL_Driver/Src/stm32f0xx_hal_uart.o
 .debug_rnglists
                0x0000000000000561       0x54 ./Drivers/STM32F0xx_HAL_Driver/Src/stm32f0xx_hal_uart_ex.o
 .debug_rnglists
                0x00000000000005b5       0x14 ./Prod/Src/vl53l1x_ares_lidar.o

.debug_macro    0x0000000000000000    0x195be
 .debug_macro   0x0000000000000000      0x1c7 ./Core/Src/dma.o
 .debug_macro   0x00000000000001c7      0xa7e ./Core/Src/dma.o
 .debug_macro   0x0000000000000c45      0x12d ./Core/Src/dma.o
 .debug_macro   0x0000000000000d72       0x2e ./Core/Src/dma.o
 .debug_macro   0x0000000000000da0       0x22 ./Core/Src/dma.o
 .debug_macro   0x0000000000000dc2       0x22 ./Core/Src/dma.o
 .debug_macro   0x0000000000000de4       0x8e ./Core/Src/dma.o
 .debug_macro   0x0000000000000e72       0x51 ./Core/Src/dma.o
 .debug_macro   0x0000000000000ec3      0x103 ./Core/Src/dma.o
 .debug_macro   0x0000000000000fc6       0x6a ./Core/Src/dma.o
 .debug_macro   0x0000000000001030      0x1df ./Core/Src/dma.o
 .debug_macro   0x000000000000120f       0x1c ./Core/Src/dma.o
 .debug_macro   0x000000000000122b       0x22 ./Core/Src/dma.o
 .debug_macro   0x000000000000124d       0xaf ./Core/Src/dma.o
 .debug_macro   0x00000000000012fc      0x391 ./Core/Src/dma.o
 .debug_macro   0x000000000000168d     0xfe73 ./Core/Src/dma.o
 .debug_macro   0x0000000000011500       0x66 ./Core/Src/dma.o
 .debug_macro   0x0000000000011566     0x34be ./Core/Src/dma.o
 .debug_macro   0x0000000000014a24      0x174 ./Core/Src/dma.o
 .debug_macro   0x0000000000014b98       0x55 ./Core/Src/dma.o
 .debug_macro   0x0000000000014bed      0x946 ./Core/Src/dma.o
 .debug_macro   0x0000000000015533      0x5f3 ./Core/Src/dma.o
 .debug_macro   0x0000000000015b26      0x1ae ./Core/Src/dma.o
 .debug_macro   0x0000000000015cd4      0x1a7 ./Core/Src/dma.o
 .debug_macro   0x0000000000015e7b      0x1a7 ./Core/Src/dma.o
 .debug_macro   0x0000000000016022      0x22c ./Core/Src/dma.o
 .debug_macro   0x000000000001624e       0x34 ./Core/Src/dma.o
 .debug_macro   0x0000000000016282       0x43 ./Core/Src/dma.o
 .debug_macro   0x00000000000162c5       0x28 ./Core/Src/dma.o
 .debug_macro   0x00000000000162ed       0xb0 ./Core/Src/dma.o
 .debug_macro   0x000000000001639d      0x217 ./Core/Src/dma.o
 .debug_macro   0x00000000000165b4      0x22c ./Core/Src/dma.o
 .debug_macro   0x00000000000167e0       0x61 ./Core/Src/dma.o
 .debug_macro   0x0000000000016841       0xa5 ./Core/Src/dma.o
 .debug_macro   0x00000000000168e6       0x4c ./Core/Src/dma.o
 .debug_macro   0x0000000000016932      0x16d ./Core/Src/dma.o
 .debug_macro   0x0000000000016a9f      0x5ba ./Core/Src/dma.o
 .debug_macro   0x0000000000017059       0x44 ./Core/Src/dma.o
 .debug_macro   0x000000000001709d      0x130 ./Core/Src/dma.o
 .debug_macro   0x00000000000171cd       0x64 ./Core/Src/dma.o
 .debug_macro   0x0000000000017231      0x1c7 ./Core/Src/gpio.o
 .debug_macro   0x00000000000173f8      0x2f6 ./Core/Src/main.o
 .debug_macro   0x00000000000176ee       0x10 ./Core/Src/main.o
 .debug_macro   0x00000000000176fe       0x61 ./Core/Src/main.o
 .debug_macro   0x000000000001775f       0x24 ./Core/Src/main.o
 .debug_macro   0x0000000000017783       0x43 ./Core/Src/main.o
 .debug_macro   0x00000000000177c6       0x34 ./Core/Src/main.o
 .debug_macro   0x00000000000177fa       0x16 ./Core/Src/main.o
 .debug_macro   0x0000000000017810       0x35 ./Core/Src/main.o
 .debug_macro   0x0000000000017845      0x369 ./Core/Src/main.o
 .debug_macro   0x0000000000017bae       0x10 ./Core/Src/main.o
 .debug_macro   0x0000000000017bbe       0x16 ./Core/Src/main.o
 .debug_macro   0x0000000000017bd4       0x43 ./Core/Src/main.o
 .debug_macro   0x0000000000017c17       0x34 ./Core/Src/main.o
 .debug_macro   0x0000000000017c4b       0x10 ./Core/Src/main.o
 .debug_macro   0x0000000000017c5b       0x58 ./Core/Src/main.o
 .debug_macro   0x0000000000017cb3       0x8e ./Core/Src/main.o
 .debug_macro   0x0000000000017d41       0x1c ./Core/Src/main.o
 .debug_macro   0x0000000000017d5d      0x177 ./Core/Src/main.o
 .debug_macro   0x0000000000017ed4       0x16 ./Core/Src/main.o
 .debug_macro   0x0000000000017eea       0x16 ./Core/Src/main.o
 .debug_macro   0x0000000000017f00      0x147 ./Core/Src/main.o
 .debug_macro   0x0000000000018047       0x16 ./Core/Src/main.o
 .debug_macro   0x000000000001805d       0x20 ./Core/Src/main.o
 .debug_macro   0x000000000001807d      0x1bd ./Core/Src/stm32f0xx_hal_msp.o
 .debug_macro   0x000000000001823a      0x1c7 ./Core/Src/stm32f0xx_it.o
 .debug_macro   0x0000000000018401      0x1ae ./Core/Src/system_stm32f0xx.o
 .debug_macro   0x00000000000185af      0x1c7 ./Core/Src/usart.o
 .debug_macro   0x0000000000018776      0x1d2 ./Drivers/STM32F0xx_HAL_Driver/Src/stm32f0xx_hal.o
 .debug_macro   0x0000000000018948      0x1ae ./Drivers/STM32F0xx_HAL_Driver/Src/stm32f0xx_hal_cortex.o
 .debug_macro   0x0000000000018af6      0x1ae ./Drivers/STM32F0xx_HAL_Driver/Src/stm32f0xx_hal_dma.o
 .debug_macro   0x0000000000018ca4      0x1b5 ./Drivers/STM32F0xx_HAL_Driver/Src/stm32f0xx_hal_gpio.o
 .debug_macro   0x0000000000018e59      0x1c0 ./Drivers/STM32F0xx_HAL_Driver/Src/stm32f0xx_hal_rcc.o
 .debug_macro   0x0000000000019019      0x1c0 ./Drivers/STM32F0xx_HAL_Driver/Src/stm32f0xx_hal_rcc_ex.o
 .debug_macro   0x00000000000191d9      0x1cb ./Drivers/STM32F0xx_HAL_Driver/Src/stm32f0xx_hal_uart.o
 .debug_macro   0x00000000000193a4      0x1ae ./Drivers/STM32F0xx_HAL_Driver/Src/stm32f0xx_hal_uart_ex.o
 .debug_macro   0x0000000000019552       0x6c ./Prod/Src/vl53l1x_ares_lidar.o

.debug_line     0x0000000000000000     0xbcb2
 .debug_line    0x0000000000000000      0x735 ./Core/Src/dma.o
 .debug_line    0x0000000000000735      0x752 ./Core/Src/gpio.o
 .debug_line    0x0000000000000e87      0x9eb ./Core/Src/main.o
 .debug_line    0x0000000000001872      0x73a ./Core/Src/stm32f0xx_hal_msp.o
 .debug_line    0x0000000000001fac      0x7e6 ./Core/Src/stm32f0xx_it.o
 .debug_line    0x0000000000002792      0x7c1 ./Core/Src/system_stm32f0xx.o
 .debug_line    0x0000000000002f53      0x843 ./Core/Src/usart.o
 .debug_line    0x0000000000003796       0x7b ./Core/Startup/startup_stm32f072rbtx.o
 .debug_line    0x0000000000003811      0x9b4 ./Drivers/STM32F0xx_HAL_Driver/Src/stm32f0xx_hal.o
 .debug_line    0x00000000000041c5      0xa60 ./Drivers/STM32F0xx_HAL_Driver/Src/stm32f0xx_hal_cortex.o
 .debug_line    0x0000000000004c25      0xcd8 ./Drivers/STM32F0xx_HAL_Driver/Src/stm32f0xx_hal_dma.o
 .debug_line    0x00000000000058fd      0xb44 ./Drivers/STM32F0xx_HAL_Driver/Src/stm32f0xx_hal_gpio.o
 .debug_line    0x0000000000006441      0xe3c ./Drivers/STM32F0xx_HAL_Driver/Src/stm32f0xx_hal_rcc.o
 .debug_line    0x000000000000727d      0xc51 ./Drivers/STM32F0xx_HAL_Driver/Src/stm32f0xx_hal_rcc_ex.o
 .debug_line    0x0000000000007ece     0x2c94 ./Drivers/STM32F0xx_HAL_Driver/Src/stm32f0xx_hal_uart.o
 .debug_line    0x000000000000ab62      0xbc2 ./Drivers/STM32F0xx_HAL_Driver/Src/stm32f0xx_hal_uart_ex.o
 .debug_line    0x000000000000b724      0x58e ./Prod/Src/vl53l1x_ares_lidar.o

.debug_str      0x0000000000000000    0x90524
 .debug_str     0x0000000000000000    0x8aac4 ./Core/Src/dma.o
                                      0x8adca (size before relaxing)
 .debug_str     0x000000000008aac4       0xe9 ./Core/Src/gpio.o
                                      0x8ac80 (size before relaxing)
 .debug_str     0x000000000008abad     0x3fdc ./Core/Src/main.o
                                      0x8ebf5 (size before relaxing)
 .debug_str     0x000000000008eb89       0x2c ./Core/Src/stm32f0xx_hal_msp.o
                                      0x8abb5 (size before relaxing)
 .debug_str     0x000000000008ebb5       0xdc ./Core/Src/stm32f0xx_it.o
                                      0x8b06e (size before relaxing)
 .debug_str     0x000000000008ec91       0x8b ./Core/Src/system_stm32f0xx.o
                                      0x8aab3 (size before relaxing)
 .debug_str     0x000000000008ed1c       0x91 ./Core/Src/usart.o
                                      0x8b37a (size before relaxing)
 .debug_str     0x000000000008edad       0x34 ./Core/Startup/startup_stm32f072rbtx.o
                                         0x7a (size before relaxing)
 .debug_str     0x000000000008ede1      0x384 ./Drivers/STM32F0xx_HAL_Driver/Src/stm32f0xx_hal.o
                                      0x8b0a9 (size before relaxing)
 .debug_str     0x000000000008f165      0x197 ./Drivers/STM32F0xx_HAL_Driver/Src/stm32f0xx_hal_cortex.o
                                      0x8ae9a (size before relaxing)
 .debug_str     0x000000000008f2fc      0x21e ./Drivers/STM32F0xx_HAL_Driver/Src/stm32f0xx_hal_dma.o
                                      0x8ae59 (size before relaxing)
 .debug_str     0x000000000008f51a      0x100 ./Drivers/STM32F0xx_HAL_Driver/Src/stm32f0xx_hal_gpio.o
                                      0x8ac54 (size before relaxing)
 .debug_str     0x000000000008f61a      0x21a ./Drivers/STM32F0xx_HAL_Driver/Src/stm32f0xx_hal_rcc.o
                                      0x8aefa (size before relaxing)
 .debug_str     0x000000000008f834      0x2da ./Drivers/STM32F0xx_HAL_Driver/Src/stm32f0xx_hal_rcc_ex.o
                                      0x8aeb2 (size before relaxing)
 .debug_str     0x000000000008fb0e      0x7fd ./Drivers/STM32F0xx_HAL_Driver/Src/stm32f0xx_hal_uart.o
                                      0x8b817 (size before relaxing)
 .debug_str     0x000000000009030b      0x1b8 ./Drivers/STM32F0xx_HAL_Driver/Src/stm32f0xx_hal_uart_ex.o
                                      0x8b148 (size before relaxing)
 .debug_str     0x00000000000904c3       0x61 ./Prod/Src/vl53l1x_ares_lidar.o
                                       0x3d6d (size before relaxing)

.debug_frame    0x0000000000000000     0x18a0
 .debug_frame   0x0000000000000000       0x30 ./Core/Src/dma.o
 .debug_frame   0x0000000000000030       0x30 ./Core/Src/gpio.o
 .debug_frame   0x0000000000000060       0xac ./Core/Src/main.o
 .debug_frame   0x000000000000010c       0x30 ./Core/Src/stm32f0xx_hal_msp.o
 .debug_frame   0x000000000000013c       0xf0 ./Core/Src/stm32f0xx_it.o
 .debug_frame   0x000000000000022c       0x4c ./Core/Src/system_stm32f0xx.o
 .debug_frame   0x0000000000000278       0x88 ./Core/Src/usart.o
 .debug_frame   0x0000000000000300      0x2a4 ./Drivers/STM32F0xx_HAL_Driver/Src/stm32f0xx_hal.o
 .debug_frame   0x00000000000005a4      0x2a0 ./Drivers/STM32F0xx_HAL_Driver/Src/stm32f0xx_hal_cortex.o
 .debug_frame   0x0000000000000844      0x1d0 ./Drivers/STM32F0xx_HAL_Driver/Src/stm32f0xx_hal_dma.o
 .debug_frame   0x0000000000000a14      0x110 ./Drivers/STM32F0xx_HAL_Driver/Src/stm32f0xx_hal_gpio.o
 .debug_frame   0x0000000000000b24      0x198 ./Drivers/STM32F0xx_HAL_Driver/Src/stm32f0xx_hal_rcc.o
 .debug_frame   0x0000000000000cbc      0x180 ./Drivers/STM32F0xx_HAL_Driver/Src/stm32f0xx_hal_rcc_ex.o
 .debug_frame   0x0000000000000e3c      0x850 ./Drivers/STM32F0xx_HAL_Driver/Src/stm32f0xx_hal_uart.o
 .debug_frame   0x000000000000168c      0x178 ./Drivers/STM32F0xx_HAL_Driver/Src/stm32f0xx_hal_uart_ex.o
 .debug_frame   0x0000000000001804       0x30 ./Prod/Src/vl53l1x_ares_lidar.o
 .debug_frame   0x0000000000001834       0x20 D:/Apps/STM32CubeIDE_1.13.1/STM32CubeIDE/plugins/com.st.stm32cube.ide.mcu.externaltools.gnu-tools-for-stm32.11.3.rel1.win32_1.1.0.202305231506/tools/bin/../lib/gcc/arm-none-eabi/11.3.1/../../../../arm-none-eabi/lib/thumb/v6-m/nofp\libc_nano.a(libc_a-memset.o)
 .debug_frame   0x0000000000001854       0x2c D:/Apps/STM32CubeIDE_1.13.1/STM32CubeIDE/plugins/com.st.stm32cube.ide.mcu.externaltools.gnu-tools-for-stm32.11.3.rel1.win32_1.1.0.202305231506/tools/bin/../lib/gcc/arm-none-eabi/11.3.1/../../../../arm-none-eabi/lib/thumb/v6-m/nofp\libc_nano.a(libc_a-init.o)
 .debug_frame   0x0000000000001880       0x20 D:/Apps/STM32CubeIDE_1.13.1/STM32CubeIDE/plugins/com.st.stm32cube.ide.mcu.externaltools.gnu-tools-for-stm32.11.3.rel1.win32_1.1.0.202305231506/tools/bin/../lib/gcc/arm-none-eabi/11.3.1/thumb/v6-m/nofp\libgcc.a(_udivsi3.o)

.debug_line_str
                0x0000000000000000       0x6e
 .debug_line_str
                0x0000000000000000       0x6e ./Core/Startup/startup_stm32f072rbtx.o
                                         0x86 (size before relaxing)
