Archive member included to satisfy reference by file (symbol)

C:/ST/STM32CubeIDE_1.13.1/STM32CubeIDE/plugins/com.st.stm32cube.ide.mcu.externaltools.gnu-tools-for-stm32.11.3.rel1.win32_1.1.0.202305231506/tools/bin/../lib/gcc/arm-none-eabi/11.3.1/../../../../arm-none-eabi/lib/thumb/v7e-m+fp/hard\libc_nano.a(libc_a-exit.o)
                              C:/ST/STM32CubeIDE_1.13.1/STM32CubeIDE/plugins/com.st.stm32cube.ide.mcu.externaltools.gnu-tools-for-stm32.11.3.rel1.win32_1.1.0.202305231506/tools/bin/../lib/gcc/arm-none-eabi/11.3.1/../../../../arm-none-eabi/lib/thumb/v7e-m+fp/hard/crt0.o (exit)
C:/ST/STM32CubeIDE_1.13.1/STM32CubeIDE/plugins/com.st.stm32cube.ide.mcu.externaltools.gnu-tools-for-stm32.11.3.rel1.win32_1.1.0.202305231506/tools/bin/../lib/gcc/arm-none-eabi/11.3.1/../../../../arm-none-eabi/lib/thumb/v7e-m+fp/hard\libc_nano.a(libc_a-findfp.o)
                              C:/ST/STM32CubeIDE_1.13.1/STM32CubeIDE/plugins/com.st.stm32cube.ide.mcu.externaltools.gnu-tools-for-stm32.11.3.rel1.win32_1.1.0.202305231506/tools/bin/../lib/gcc/arm-none-eabi/11.3.1/../../../../arm-none-eabi/lib/thumb/v7e-m+fp/hard\libc_nano.a(libc_a-exit.o) (__stdio_exit_handler)
C:/ST/STM32CubeIDE_1.13.1/STM32CubeIDE/plugins/com.st.stm32cube.ide.mcu.externaltools.gnu-tools-for-stm32.11.3.rel1.win32_1.1.0.202305231506/tools/bin/../lib/gcc/arm-none-eabi/11.3.1/../../../../arm-none-eabi/lib/thumb/v7e-m+fp/hard\libc_nano.a(libc_a-fwalk.o)
                              C:/ST/STM32CubeIDE_1.13.1/STM32CubeIDE/plugins/com.st.stm32cube.ide.mcu.externaltools.gnu-tools-for-stm32.11.3.rel1.win32_1.1.0.202305231506/tools/bin/../lib/gcc/arm-none-eabi/11.3.1/../../../../arm-none-eabi/lib/thumb/v7e-m+fp/hard\libc_nano.a(libc_a-findfp.o) (_fwalk_sglue)
C:/ST/STM32CubeIDE_1.13.1/STM32CubeIDE/plugins/com.st.stm32cube.ide.mcu.externaltools.gnu-tools-for-stm32.11.3.rel1.win32_1.1.0.202305231506/tools/bin/../lib/gcc/arm-none-eabi/11.3.1/../../../../arm-none-eabi/lib/thumb/v7e-m+fp/hard\libc_nano.a(libc_a-stdio.o)
                              C:/ST/STM32CubeIDE_1.13.1/STM32CubeIDE/plugins/com.st.stm32cube.ide.mcu.externaltools.gnu-tools-for-stm32.11.3.rel1.win32_1.1.0.202305231506/tools/bin/../lib/gcc/arm-none-eabi/11.3.1/../../../../arm-none-eabi/lib/thumb/v7e-m+fp/hard\libc_nano.a(libc_a-findfp.o) (__sread)
C:/ST/STM32CubeIDE_1.13.1/STM32CubeIDE/plugins/com.st.stm32cube.ide.mcu.externaltools.gnu-tools-for-stm32.11.3.rel1.win32_1.1.0.202305231506/tools/bin/../lib/gcc/arm-none-eabi/11.3.1/../../../../arm-none-eabi/lib/thumb/v7e-m+fp/hard\libc_nano.a(libc_a-memset.o)
                              C:/ST/STM32CubeIDE_1.13.1/STM32CubeIDE/plugins/com.st.stm32cube.ide.mcu.externaltools.gnu-tools-for-stm32.11.3.rel1.win32_1.1.0.202305231506/tools/bin/../lib/gcc/arm-none-eabi/11.3.1/../../../../arm-none-eabi/lib/thumb/v7e-m+fp/hard/crt0.o (memset)
C:/ST/STM32CubeIDE_1.13.1/STM32CubeIDE/plugins/com.st.stm32cube.ide.mcu.externaltools.gnu-tools-for-stm32.11.3.rel1.win32_1.1.0.202305231506/tools/bin/../lib/gcc/arm-none-eabi/11.3.1/../../../../arm-none-eabi/lib/thumb/v7e-m+fp/hard\libc_nano.a(libc_a-closer.o)
                              C:/ST/STM32CubeIDE_1.13.1/STM32CubeIDE/plugins/com.st.stm32cube.ide.mcu.externaltools.gnu-tools-for-stm32.11.3.rel1.win32_1.1.0.202305231506/tools/bin/../lib/gcc/arm-none-eabi/11.3.1/../../../../arm-none-eabi/lib/thumb/v7e-m+fp/hard\libc_nano.a(libc_a-stdio.o) (_close_r)
C:/ST/STM32CubeIDE_1.13.1/STM32CubeIDE/plugins/com.st.stm32cube.ide.mcu.externaltools.gnu-tools-for-stm32.11.3.rel1.win32_1.1.0.202305231506/tools/bin/../lib/gcc/arm-none-eabi/11.3.1/../../../../arm-none-eabi/lib/thumb/v7e-m+fp/hard\libc_nano.a(libc_a-reent.o)
                              C:/ST/STM32CubeIDE_1.13.1/STM32CubeIDE/plugins/com.st.stm32cube.ide.mcu.externaltools.gnu-tools-for-stm32.11.3.rel1.win32_1.1.0.202305231506/tools/bin/../lib/gcc/arm-none-eabi/11.3.1/../../../../arm-none-eabi/lib/thumb/v7e-m+fp/hard\libc_nano.a(libc_a-closer.o) (errno)
C:/ST/STM32CubeIDE_1.13.1/STM32CubeIDE/plugins/com.st.stm32cube.ide.mcu.externaltools.gnu-tools-for-stm32.11.3.rel1.win32_1.1.0.202305231506/tools/bin/../lib/gcc/arm-none-eabi/11.3.1/../../../../arm-none-eabi/lib/thumb/v7e-m+fp/hard\libc_nano.a(libc_a-impure.o)
                              C:/ST/STM32CubeIDE_1.13.1/STM32CubeIDE/plugins/com.st.stm32cube.ide.mcu.externaltools.gnu-tools-for-stm32.11.3.rel1.win32_1.1.0.202305231506/tools/bin/../lib/gcc/arm-none-eabi/11.3.1/../../../../arm-none-eabi/lib/thumb/v7e-m+fp/hard\libc_nano.a(libc_a-reent.o) (_impure_ptr)
C:/ST/STM32CubeIDE_1.13.1/STM32CubeIDE/plugins/com.st.stm32cube.ide.mcu.externaltools.gnu-tools-for-stm32.11.3.rel1.win32_1.1.0.202305231506/tools/bin/../lib/gcc/arm-none-eabi/11.3.1/../../../../arm-none-eabi/lib/thumb/v7e-m+fp/hard\libc_nano.a(libc_a-lseekr.o)
[...]
Memory Configuration

Name             Origin             Length             Attributes
RAM              0x0000000020000000 0x0000000000020000 xrw
FLASH            0x0000000008000000 0x0000000000080000 xr
*default*        0x0000000000000000 0xffffffffffffffff

Linker script and memory map

LOAD C:/ST/STM32CubeIDE_1.13.1/STM32CubeIDE/plugins/com.st.stm32cube.ide.mcu.externaltools.gnu-tools-for-stm32.11.3.rel1.win32_1.1.0.202305231506/tools/bin/../lib/gcc/arm-none-eabi/11.3.1/thumb/v7e-m+fp/hard/crti.o
LOAD C:/ST/STM32CubeIDE_1.13.1/STM32CubeIDE/plugins/com.st.stm32cube.ide.mcu.externaltools.gnu-tools-for-stm32.11.3.rel1.win32_1.1.0.202305231506/tools/bin/../lib/gcc/arm-none-eabi/11.3.1/thumb/v7e-m+fp/hard/crtbegin.o
LOAD C:/ST/STM32CubeIDE_1.13.1/STM32CubeIDE/plugins/com.st.stm32cube.ide.mcu.externaltools.gnu-tools-for-stm32.11.3.rel1.win32_1.1.0.202305231506/tools/bin/../lib/gcc/arm-none-eabi/11.3.1/../../../../arm-none-eabi/lib/thumb/v7e-m+fp/hard/crt0.o
LOAD ./Core/Src/main.o
LOAD ./Core/Src/stm32f4xx_hal_msp.o
LOAD ./Core/Src/stm32f4xx_it.o
LOAD ./Core/Src/syscalls.o
LOAD ./Core/Src/sysmem.o
LOAD ./Core/Src/system_stm32f4xx.o
LOAD ./Core/Startup/startup_stm32f446retx.o
LOAD ./Drivers/STM32F4xx_HAL_Driver/stm32f4xx_hal.o
LOAD ./Drivers/STM32F4xx_HAL_Driver/stm32f4xx_hal_cortex.o
LOAD ./Drivers/STM32F4xx_HAL_Driver/stm32f4xx_hal_dma.o
LOAD ./Drivers/STM32F4xx_HAL_Driver/stm32f4xx_hal_dma_ex.o
LOAD ./Drivers/STM32F4xx_HAL_Driver/stm32f4xx_hal_exti.o
LOAD ./Drivers/STM32F4xx_HAL_Driver/stm32f4xx_hal_flash.o
LOAD ./Drivers/STM32F4xx_HAL_Driver/stm32f4xx_hal_flash_ex.o
LOAD ./Drivers/STM32F4xx_HAL_Driver/stm32f4xx_hal_flash_ramfunc.o
LOAD ./Drivers/STM32F4xx_HAL_Driver/stm32f4xx_hal_gpio.o
LOAD ./Drivers/STM32F4xx_HAL_Driver/stm32f4xx_hal_pwr.o
LOAD ./Drivers/STM32F4xx_HAL_Driver/stm32f4xx_hal_pwr_ex.o
LOAD ./Drivers/STM32F4xx_HAL_Driver/stm32f4xx_hal_rcc.o
LOAD ./Drivers/STM32F4xx_HAL_Driver/stm32f4xx_hal_rcc_ex.o
LOAD ./Drivers/STM32F4xx_HAL_Driver/stm32f4xx_hal_tim.o
LOAD ./Drivers/STM32F4xx_HAL_Driver/stm32f4xx_hal_tim_ex.o
LOAD ./Drivers/STM32F4xx_HAL_Driver/stm32f4xx_hal_uart.o
START GROUP
LOAD C:/ST/STM32CubeIDE_1.13.1/STM32CubeIDE/plugins/com.st.stm32cube.ide.mcu.externaltools.gnu-tools-for-stm32.11.3.rel1.win32_1.1.0.202305231506/tools/bin/../lib/gcc/arm-none-eabi/11.3.1/../../../../arm-none-eabi/lib/thumb/v7e-m+fp/hard\libc_nano.a
LOAD C:/ST/STM32CubeIDE_1.13.1/STM32CubeIDE/plugins/com.st.stm32cube.ide.mcu.externaltools.gnu-tools-for-stm32.11.3.rel1.win32_1.1.0.202305231506/tools/bin/../lib/gcc/arm-none-eabi/11.3.1/../../../../arm-none-eabi/lib/thumb/v7e-m+fp/hard\libm.a
END GROUP
START GROUP
LOAD C:/ST/STM32CubeIDE_1.13.1/STM32CubeIDE/plugins/com.st.stm32cube.ide.mcu.externaltools.gnu-tools-for-stm32.11.3.rel1.win32_1.1.0.202305231506/tools/bin/../lib/gcc/arm-none-eabi/11.3.1/thumb/v7e-m+fp/hard\libgcc.a
LOAD C:/ST/STM32CubeIDE_1.13.1/STM32CubeIDE/plugins/com.st.stm32cube.ide.mcu.externaltools.gnu-tools-for-stm32.11.3.rel1.win32_1.1.0.202305231506/tools/bin/../lib/gcc/arm-none-eabi/11.3.1/../../../../arm-none-eabi/lib/thumb/v7e-m+fp/hard\libc_nano.a
END GROUP
START GROUP
LOAD C:/ST/STM32CubeIDE_1.13.1/STM32CubeIDE/plugins/com.st.stm32cube.ide.mcu.externaltools.gnu-tools-for-stm32.11.3.rel1.win32_1.1.0.202305231506/tools/bin/../lib/gcc/arm-none-eabi/11.3.1/thumb/v7e-m+fp/hard\libgcc.a
LOAD C:/ST/STM32CubeIDE_1.13.1/STM32CubeIDE/plugins/com.st.stm32cube.ide.mcu.externaltools.gnu-tools-for-stm32.11.3.rel1.win32_1.1.0.202305231506/tools/bin/../lib/gcc/arm-none-eabi/11.3.1/../../../../arm-none-eabi/lib/thumb/v7e-m+fp/hard\libc_nano.a
LOAD C:/ST/STM32CubeIDE_1.13.1/STM32CubeIDE/plugins/com.st.stm32cube.ide.mcu.externaltools.gnu-tools-for-stm32.11.3.rel1.win32_1.1.0.202305231506/tools/bin/../lib/gcc/arm-none-eabi/11.3.1/../../../../arm-none-eabi/lib/thumb/v7e-m+fp/hard\libnosys.a
END GROUP
START GROUP
LOAD C:/ST/STM32CubeIDE_1.13.1/STM32CubeIDE/plugins/com.st.stm32cube.ide.mcu.externaltools.gnu-tools-for-stm32.11.3.rel1.win32_1.1.0.202305231506/tools/bin/../lib/gcc/arm-none-eabi/11.3.1/thumb/v7e-m+fp/hard\libgcc.a
LOAD C:/ST/STM32CubeIDE_1.13.1/STM32CubeIDE/plugins/com.st.stm32cube.ide.mcu.externaltools.gnu-tools-for-stm32.11.3.rel1.win32_1.1.0.202305231506/tools/bin/../lib/gcc/arm-none-eabi/11.3.1/../../../../arm-none-eabi/lib/thumb/v7e-m+fp/hard\libc_nano.a
LOAD C:/ST/STM32CubeIDE_1.13.1/STM32CubeIDE/plugins/com.st.stm32cube.ide.mcu.externaltools.gnu-tools-for-stm32.11.3.rel1.win32_1.1.0.202305231506/tools/bin/../lib/gcc/arm-none-eabi/11.3.1/../../../../arm-none-eabi/lib/thumb/v7e-m+fp/hard\libnosys.a
END GROUP
LOAD C:/ST/STM32CubeIDE_1.13.1/STM32CubeIDE/plugins/com.st.stm32cube.ide.mcu.externaltools.gnu-tools-for-stm32.11.3.rel1.win32_1.1.0.202305231506/tools/bin/../lib/gcc/arm-none-eabi/11.3.1/thumb/v7e-m+fp/hard/crtend.o
LOAD C:/ST/STM32CubeIDE_1.13.1/STM32CubeIDE/plugins/com.st.stm32cube.ide.mcu.externaltools.gnu-tools-for-stm32.11.3.rel1.win32_1.1.0.202305231506/tools/bin/../lib/gcc/arm-none-eabi/11.3.1/thumb/v7e-m+fp/hard/crtn.o
                0x0000000020020000                _estack = (ORIGIN (RAM) + LENGTH (RAM))
                0x0000000000000200                _Min_Heap_Size = 0x200
                0x0000000000000400                _Min_Stack_Size = 0x400

.isr_vector     0x0000000008000000      0x1c4
                0x0000000008000000                . = ALIGN (0x4)
 *(.isr_vector)
 .isr_vector    0x0000000008000000      0x1c4 ./Core/Startup/startup_stm32f446retx.o
                0x0000000008000000                g_pfnVectors
                0x00000000080001c4                . = ALIGN (0x4)

.text           0x00000000080001c4     0x1ee8
                0x00000000080001c4                . = ALIGN (0x4)
 *(.text)
 .text          0x00000000080001c4       0x40 C:/ST/STM32CubeIDE_1.13.1/STM32CubeIDE/plugins/com.st.stm32cube.ide.mcu.externaltools.gnu-tools-for-stm32.11.3.rel1.win32_1.1.0.202305231506/tools/bin/../lib/gcc/arm-none-eabi/11.3.1/thumb/v7e-m+fp/hard/crtbegin.o
 .text          0x0000000008000204       0x30 C:/ST/STM32CubeIDE_1.13.1/STM32CubeIDE/plugins/com.st.stm32cube.ide.mcu.externaltools.gnu-tools-for-stm32.11.3.rel1.win32_1.1.0.202305231506/tools/bin/../lib/gcc/arm-none-eabi/11.3.1/thumb/v7e-m+fp/hard\libgcc.a(_aeabi_uldivmod.o)
                0x0000000008000204                __aeabi_uldivmod
 .text          0x0000000008000234      0x2c8 C:/ST/STM32CubeIDE_1.13.1/STM32CubeIDE/plugins/com.st.stm32cube.ide.mcu.externaltools.gnu-tools-for-stm32.11.3.rel1.win32_1.1.0.202305231506/tools/bin/../lib/gcc/arm-none-eabi/11.3.1/thumb/v7e-m+fp/hard\libgcc.a(_udivmoddi4.o)
                0x0000000008000234                __udivmoddi4
 .text          0x00000000080004fc        0x4 C:/ST/STM32CubeIDE_1.13.1/STM32CubeIDE/plugins/com.st.stm32cube.ide.mcu.externaltools.gnu-tools-for-stm32.11.3.rel1.win32_1.1.0.202305231506/tools/bin/../lib/gcc/arm-none-eabi/11.3.1/thumb/v7e-m+fp/hard\libgcc.a(_dvmd_tls.o)
                0x00000000080004fc                __aeabi_idiv0
                0x00000000080004fc                __aeabi_ldiv0
 *(.text*)
 .text.main     0x0000000008000500       0x16 ./Core/Src/main.o
                0x0000000008000500                main
 *fill*         0x0000000008000516        0x2 
 .text.SystemClock_Config
                0x0000000008000518       0xdc ./Core/Src/main.o
                0x0000000008000518                SystemClock_Config
 .text.MX_USART2_UART_Init
                0x00000000080005f4       0x54 ./Core/Src/main.o
 .text.MX_GPIO_Init
                0x0000000008000648       0xdc ./Core/Src/main.o
 .text.Error_Handler
                0x0000000008000724        0xa ./Core/Src/main.o
                0x0000000008000724                Error_Handler
 *fill*         0x000000000800072e        0x2 
 .text.HAL_MspInit
                0x0000000008000730       0x50 ./Core/Src/stm32f4xx_hal_msp.o
                0x0000000008000730                HAL_MspInit
 .text.HAL_UART_MspInit
                0x0000000008000780       0x90 ./Core/Src/stm32f4xx_hal_msp.o
                0x0000000008000780                HAL_UART_MspInit
 .text.NMI_Handler
                0x0000000008000810        0x6 ./Core/Src/stm32f4xx_it.o
                0x0000000008000810                NMI_Handler
 .text.HardFault_Handler
                0x0000000008000816        0x6 ./Core/Src/stm32f4xx_it.o
                0x0000000008000816                HardFault_Handler
 .text.MemManage_Handler
                0x000000000800081c        0x6 ./Core/Src/stm32f4xx_it.o
                0x000000000800081c                MemManage_Handler
 .text.BusFault_Handler
                0x0000000008000822        0x6 ./Core/Src/stm32f4xx_it.o
                0x0000000008000822                BusFault_Handler
 .text.UsageFault_Handler
                0x0000000008000828        0x6 ./Core/Src/stm32f4xx_it.o
                0x0000000008000828                UsageFault_Handler
 .text.SVC_Handler
                0x000000000800082e        0xe ./Core/Src/stm32f4xx_it.o
                0x000000000800082e                SVC_Handler
 .text.DebugMon_Handler
                0x000000000800083c        0xe ./Core/Src/stm32f4xx_it.o
                0x000000000800083c                DebugMon_Handler
 .text.PendSV_Handler
                0x000000000800084a        0xe ./Core/Src/stm32f4xx_it.o
                0x000000000800084a                PendSV_Handler
 .text.SysTick_Handler
                0x0000000008000858        0xc ./Core/Src/stm32f4xx_it.o
                0x0000000008000858                SysTick_Handler
 .text.SystemInit
                0x0000000008000864       0x24 ./Core/Src/system_stm32f4xx.o
                0x0000000008000864                SystemInit
 .text.Reset_Handler
                0x0000000008000888       0x50 ./Core/Startup/startup_stm32f446retx.o
                0x0000000008000888                Reset_Handler
 .text.Default_Handler
                0x00000000080008d8        0x2 ./Core/Startup/startup_stm32f446retx.o
                0x00000000080008d8                RTC_Alarm_IRQHandler
                0x00000000080008d8                EXTI2_IRQHandler
                0x00000000080008d8                TIM8_CC_IRQHandler
                0x00000000080008d8                FMPI2C1_EV_IRQHandler
                0x00000000080008d8                SPI4_IRQHandler
                0x00000000080008d8                TIM1_CC_IRQHandler
                0x00000000080008d8                DMA2_Stream5_IRQHandler
                0x00000000080008d8                DMA1_Stream5_IRQHandler
                0x00000000080008d8                PVD_IRQHandler
                0x00000000080008d8                SDIO_IRQHandler
                0x00000000080008d8                TAMP_STAMP_IRQHandler
                0x00000000080008d8                CAN2_RX1_IRQHandler
                0x00000000080008d8                EXTI3_IRQHandler
                0x00000000080008d8                TIM8_TRG_COM_TIM14_IRQHandler
                0x00000000080008d8                TIM1_UP_TIM10_IRQHandler
                0x00000000080008d8                TIM8_UP_TIM13_IRQHandler
                0x00000000080008d8                I2C3_ER_IRQHandler
                0x00000000080008d8                EXTI0_IRQHandler
                0x00000000080008d8                I2C2_EV_IRQHandler
                0x00000000080008d8                DMA1_Stream2_IRQHandler
                0x00000000080008d8                CAN1_RX0_IRQHandler
                0x00000000080008d8                FPU_IRQHandler
                0x00000000080008d8                OTG_HS_WKUP_IRQHandler
                0x00000000080008d8                CAN2_SCE_IRQHandler
                0x00000000080008d8                DMA2_Stream2_IRQHandler
                0x00000000080008d8                SPI1_IRQHandler
                0x00000000080008d8                TIM6_DAC_IRQHandler
                0x00000000080008d8                TIM1_BRK_TIM9_IRQHandler
                0x00000000080008d8                DCMI_IRQHandler
                0x00000000080008d8                CAN2_RX0_IRQHandler
                0x00000000080008d8                DMA2_Stream3_IRQHandler
                0x00000000080008d8                SAI2_IRQHandler
                0x00000000080008d8                USART6_IRQHandler
                0x00000000080008d8                USART3_IRQHandler
                0x00000000080008d8                CAN1_RX1_IRQHandler
                0x00000000080008d8                UART5_IRQHandler
                0x00000000080008d8                DMA2_Stream0_IRQHandler
                0x00000000080008d8                TIM4_IRQHandler
                0x00000000080008d8                QUADSPI_IRQHandler
                0x00000000080008d8                I2C1_EV_IRQHandler
                0x00000000080008d8                DMA1_Stream6_IRQHandler
                0x00000000080008d8                DMA1_Stream1_IRQHandler
                0x00000000080008d8                UART4_IRQHandler
                0x00000000080008d8                TIM3_IRQHandler
                0x00000000080008d8                RCC_IRQHandler
                0x00000000080008d8                TIM8_BRK_TIM12_IRQHandler
                0x00000000080008d8                Default_Handler
                0x00000000080008d8                CEC_IRQHandler
                0x00000000080008d8                EXTI15_10_IRQHandler
                0x00000000080008d8                ADC_IRQHandler
                0x00000000080008d8                DMA1_Stream7_IRQHandler
                0x00000000080008d8                TIM7_IRQHandler
                0x00000000080008d8                CAN2_TX_IRQHandler
                0x00000000080008d8                TIM5_IRQHandler
                0x00000000080008d8                DMA2_Stream7_IRQHandler
                0x00000000080008d8                I2C3_EV_IRQHandler
                0x00000000080008d8                EXTI9_5_IRQHandler
                0x00000000080008d8                RTC_WKUP_IRQHandler
                0x00000000080008d8                SPDIF_RX_IRQHandler
                0x00000000080008d8                SPI2_IRQHandler
                0x00000000080008d8                OTG_HS_EP1_IN_IRQHandler
                0x00000000080008d8                DMA1_Stream0_IRQHandler
                0x00000000080008d8                CAN1_TX_IRQHandler
                0x00000000080008d8                FMPI2C1_ER_IRQHandler
                0x00000000080008d8                EXTI4_IRQHandler
                0x00000000080008d8                OTG_HS_EP1_OUT_IRQHandler
                0x00000000080008d8                WWDG_IRQHandler
                0x00000000080008d8                TIM2_IRQHandler
                0x00000000080008d8                OTG_FS_WKUP_IRQHandler
                0x00000000080008d8                TIM1_TRG_COM_TIM11_IRQHandler
                0x00000000080008d8                OTG_HS_IRQHandler
                0x00000000080008d8                EXTI1_IRQHandler
                0x00000000080008d8                USART2_IRQHandler
                0x00000000080008d8                I2C2_ER_IRQHandler
                0x00000000080008d8                DMA2_Stream1_IRQHandler
                0x00000000080008d8                CAN1_SCE_IRQHandler
                0x00000000080008d8                FLASH_IRQHandler
                0x00000000080008d8                DMA2_Stream4_IRQHandler
                0x00000000080008d8                USART1_IRQHandler
                0x00000000080008d8                OTG_FS_IRQHandler
                0x00000000080008d8                SPI3_IRQHandler
                0x00000000080008d8                DMA1_Stream4_IRQHandler
                0x00000000080008d8                I2C1_ER_IRQHandler
                0x00000000080008d8                FMC_IRQHandler
                0x00000000080008d8                DMA2_Stream6_IRQHandler
                0x00000000080008d8                SAI1_IRQHandler
                0x00000000080008d8                DMA1_Stream3_IRQHandler
 *fill*         0x00000000080008da        0x2 
 .text.HAL_Init
                0x00000000080008dc       0x44 ./Drivers/STM32F4xx_HAL_Driver/stm32f4xx_hal.o
                0x00000000080008dc                HAL_Init
 .text.HAL_InitTick
                0x0000000008000920       0x60 ./Drivers/STM32F4xx_HAL_Driver/stm32f4xx_hal.o
                0x0000000008000920                HAL_InitTick
 .text.HAL_IncTick
                0x0000000008000980       0x28 ./Drivers/STM32F4xx_HAL_Driver/stm32f4xx_hal.o
                0x0000000008000980                HAL_IncTick
 .text.HAL_GetTick
                0x00000000080009a8       0x18 ./Drivers/STM32F4xx_HAL_Driver/stm32f4xx_hal.o
                0x00000000080009a8                HAL_GetTick
 .text.__NVIC_SetPriorityGrouping
                0x00000000080009c0       0x48 ./Drivers/STM32F4xx_HAL_Driver/stm32f4xx_hal_cortex.o
 .text.__NVIC_GetPriorityGrouping
                0x0000000008000a08       0x1c ./Drivers/STM32F4xx_HAL_Driver/stm32f4xx_hal_cortex.o
 .text.__NVIC_SetPriority
                0x0000000008000a24       0x54 ./Drivers/STM32F4xx_HAL_Driver/stm32f4xx_hal_cortex.o
 .text.NVIC_EncodePriority
                0x0000000008000a78       0x66 ./Drivers/STM32F4xx_HAL_Driver/stm32f4xx_hal_cortex.o
 *fill*         0x0000000008000ade        0x2 
 .text.SysTick_Config
                0x0000000008000ae0       0x44 ./Drivers/STM32F4xx_HAL_Driver/stm32f4xx_hal_cortex.o
 .text.HAL_NVIC_SetPriorityGrouping
                0x0000000008000b24       0x16 ./Drivers/STM32F4xx_HAL_Driver/stm32f4xx_hal_cortex.o
                0x0000000008000b24                HAL_NVIC_SetPriorityGrouping
 .text.HAL_NVIC_SetPriority
                0x0000000008000b3a       0x38 ./Drivers/STM32F4xx_HAL_Driver/stm32f4xx_hal_cortex.o
                0x0000000008000b3a                HAL_NVIC_SetPriority
 .text.HAL_SYSTICK_Config
                0x0000000008000b72       0x18 ./Drivers/STM32F4xx_HAL_Driver/stm32f4xx_hal_cortex.o
                0x0000000008000b72                HAL_SYSTICK_Config
 *fill*         0x0000000008000b8a        0x2 
 .text.HAL_GPIO_Init
                0x0000000008000b8c      0x328 ./Drivers/STM32F4xx_HAL_Driver/stm32f4xx_hal_gpio.o
                0x0000000008000b8c                HAL_GPIO_Init
 .text.HAL_GPIO_WritePin
                0x0000000008000eb4       0x32 ./Drivers/STM32F4xx_HAL_Driver/stm32f4xx_hal_gpio.o
                0x0000000008000eb4                HAL_GPIO_WritePin
 *fill*         0x0000000008000ee6        0x2 
 .text.HAL_RCC_ClockConfig
                0x0000000008000ee8      0x1cc ./Drivers/STM32F4xx_HAL_Driver/stm32f4xx_hal_rcc.o
                0x0000000008000ee8                HAL_RCC_ClockConfig
 .text.HAL_RCC_GetHCLKFreq
                0x00000000080010b4       0x18 ./Drivers/STM32F4xx_HAL_Driver/stm32f4xx_hal_rcc.o
                0x00000000080010b4                HAL_RCC_GetHCLKFreq
 .text.HAL_RCC_GetPCLK1Freq
                0x00000000080010cc       0x28 ./Drivers/STM32F4xx_HAL_Driver/stm32f4xx_hal_rcc.o
                0x00000000080010cc                HAL_RCC_GetPCLK1Freq
 .text.HAL_RCC_GetPCLK2Freq
                0x00000000080010f4       0x28 ./Drivers/STM32F4xx_HAL_Driver/stm32f4xx_hal_rcc.o
                0x00000000080010f4                HAL_RCC_GetPCLK2Freq
 .text.HAL_RCC_GetSysClockFreq
                0x000000000800111c      0x460 ./Drivers/STM32F4xx_HAL_Driver/stm32f4xx_hal_rcc_ex.o
                0x000000000800111c                HAL_RCC_GetSysClockFreq
 .text.HAL_RCC_OscConfig
                0x000000000800157c      0x53c ./Drivers/STM32F4xx_HAL_Driver/stm32f4xx_hal_rcc_ex.o
                0x000000000800157c                HAL_RCC_OscConfig
 .text.HAL_UART_Init
                0x0000000008001ab8       0x9a ./Drivers/STM32F4xx_HAL_Driver/stm32f4xx_hal_uart.o
                0x0000000008001ab8                HAL_UART_Init
 *fill*         0x0000000008001b52        0x2 
 .text.UART_SetConfig
                0x0000000008001b54      0x4e8 ./Drivers/STM32F4xx_HAL_Driver/stm32f4xx_hal_uart.o
 .text.memset   0x000000000800203c       0x10 C:/ST/STM32CubeIDE_1.13.1/STM32CubeIDE/plugins/com.st.stm32cube.ide.mcu.externaltools.gnu-tools-for-stm32.11.3.rel1.win32_1.1.0.202305231506/tools/bin/../lib/gcc/arm-none-eabi/11.3.1/../../../../arm-none-eabi/lib/thumb/v7e-m+fp/hard\libc_nano.a(libc_a-memset.o)
                0x000000000800203c                memset
 .text.__libc_init_array
                0x000000000800204c       0x48 C:/ST/STM32CubeIDE_1.13.1/STM32CubeIDE/plugins/com.st.stm32cube.ide.mcu.externaltools.gnu-tools-for-stm32.11.3.rel1.win32_1.1.0.202305231506/tools/bin/../lib/gcc/arm-none-eabi/11.3.1/../../../../arm-none-eabi/lib/thumb/v7e-m+fp/hard\libc_nano.a(libc_a-init.o)
                0x000000000800204c                __libc_init_array
 *(.glue_7)
 .glue_7        0x0000000008002094        0x0 linker stubs
 *(.glue_7t)
 .glue_7t       0x0000000008002094        0x0 linker stubs
 *(.eh_frame)
 .eh_frame      0x0000000008002094        0x0 C:/ST/STM32CubeIDE_1.13.1/STM32CubeIDE/plugins/com.st.stm32cube.ide.mcu.externaltools.gnu-tools-for-stm32.11.3.rel1.win32_1.1.0.202305231506/tools/bin/../lib/gcc/arm-none-eabi/11.3.1/thumb/v7e-m+fp/hard/crtbegin.o
 *(.init)
 .init          0x0000000008002094        0x4 C:/ST/STM32CubeIDE_1.13.1/STM32CubeIDE/plugins/com.st.stm32cube.ide.mcu.externaltools.gnu-tools-for-stm32.11.3.rel1.win32_1.1.0.202305231506/tools/bin/../lib/gcc/arm-none-eabi/11.3.1/thumb/v7e-m+fp/hard/crti.o
                0x0000000008002094                _init
 .init          0x0000000008002098        0x8 C:/ST/STM32CubeIDE_1.13.1/STM32CubeIDE/plugins/com.st.stm32cube.ide.mcu.externaltools.gnu-tools-for-stm32.11.3.rel1.win32_1.1.0.202305231506/tools/bin/../lib/gcc/arm-none-eabi/11.3.1/thumb/v7e-m+fp/hard/crtn.o
 *(.fini)
 .fini          0x00000000080020a0        0x4 C:/ST/STM32CubeIDE_1.13.1/STM32CubeIDE/plugins/com.st.stm32cube.ide.mcu.externaltools.gnu-tools-for-stm32.11.3.rel1.win32_1.1.0.202305231506/tools/bin/../lib/gcc/arm-none-eabi/11.3.1/thumb/v7e-m+fp/hard/crti.o
                0x00000000080020a0                _fini
 .fini          0x00000000080020a4        0x8 C:/ST/STM32CubeIDE_1.13.1/STM32CubeIDE/plugins/com.st.stm32cube.ide.mcu.externaltools.gnu-tools-for-stm32.11.3.rel1.win32_1.1.0.202305231506/tools/bin/../lib/gcc/arm-none-eabi/11.3.1/thumb/v7e-m+fp/hard/crtn.o
                0x00000000080020ac                . = ALIGN (0x4)
                0x00000000080020ac                _etext = .

.vfp11_veneer   0x00000000080020ac        0x0
 .vfp11_veneer  0x00000000080020ac        0x0 linker stubs

.v4_bx          0x00000000080020ac        0x0
 .v4_bx         0x00000000080020ac        0x0 linker stubs

.iplt           0x00000000080020ac        0x0
 .iplt          0x00000000080020ac        0x0 C:/ST/STM32CubeIDE_1.13.1/STM32CubeIDE/plugins/com.st.stm32cube.ide.mcu.externaltools.gnu-tools-for-stm32.11.3.rel1.win32_1.1.0.202305231506/tools/bin/../lib/gcc/arm-none-eabi/11.3.1/thumb/v7e-m+fp/hard/crtbegin.o

.rodata         0x00000000080020ac       0x18
                0x00000000080020ac                . = ALIGN (0x4)
 *(.rodata)
 *(.rodata*)
 .rodata.AHBPrescTable
                0x00000000080020ac       0x10 ./Core/Src/system_stm32f4xx.o
                0x00000000080020ac                AHBPrescTable
 .rodata.APBPrescTable
                0x00000000080020bc        0x8 ./Core/Src/system_stm32f4xx.o
                0x00000000080020bc                APBPrescTable
                0x00000000080020c4                . = ALIGN (0x4)

.ARM.extab      0x00000000080020c4        0x0
                0x00000000080020c4                . = ALIGN (0x4)
 *(.ARM.extab* .gnu.linkonce.armextab.*)
                0x00000000080020c4                . = ALIGN (0x4)

.ARM            0x00000000080020c4        0x8
                0x00000000080020c4                . = ALIGN (0x4)
                0x00000000080020c4                __exidx_start = .
 *(.ARM.exidx*)
 .ARM.exidx     0x00000000080020c4        0x8 C:/ST/STM32CubeIDE_1.13.1/STM32CubeIDE/plugins/com.st.stm32cube.ide.mcu.externaltools.gnu-tools-for-stm32.11.3.rel1.win32_1.1.0.202305231506/tools/bin/../lib/gcc/arm-none-eabi/11.3.1/thumb/v7e-m+fp/hard\libgcc.a(_udivmoddi4.o)
                0x00000000080020cc                __exidx_end = .
                0x00000000080020cc                . = ALIGN (0x4)

.rel.dyn        0x00000000080020cc        0x0
 .rel.iplt      0x00000000080020cc        0x0 C:/ST/STM32CubeIDE_1.13.1/STM32CubeIDE/plugins/com.st.stm32cube.ide.mcu.externaltools.gnu-tools-for-stm32.11.3.rel1.win32_1.1.0.202305231506/tools/bin/../lib/gcc/arm-none-eabi/11.3.1/thumb/v7e-m+fp/hard/crtbegin.o

.preinit_array  0x00000000080020cc        0x0
                0x00000000080020cc                . = ALIGN (0x4)
                0x00000000080020cc                PROVIDE (__preinit_array_start = .)
 *(.preinit_array*)
                0x00000000080020cc                PROVIDE (__preinit_array_end = .)
                0x00000000080020cc                . = ALIGN (0x4)

.init_array     0x00000000080020cc        0x4
                0x00000000080020cc                . = ALIGN (0x4)
                0x00000000080020cc                PROVIDE (__init_array_start = .)
 *(SORT_BY_NAME(.init_array.*))
 *(.init_array*)
 .init_array    0x00000000080020cc        0x4 C:/ST/STM32CubeIDE_1.13.1/STM32CubeIDE/plugins/com.st.stm32cube.ide.mcu.externaltools.gnu-tools-for-stm32.11.3.rel1.win32_1.1.0.202305231506/tools/bin/../lib/gcc/arm-none-eabi/11.3.1/thumb/v7e-m+fp/hard/crtbegin.o
                0x00000000080020d0                PROVIDE (__init_array_end = .)
                0x00000000080020d0                . = ALIGN (0x4)

.fini_array     0x00000000080020d0        0x4
                0x00000000080020d0                . = ALIGN (0x4)
                [!provide]                        PROVIDE (__fini_array_start = .)
 *(SORT_BY_NAME(.fini_array.*))
 *(.fini_array*)
 .fini_array    0x00000000080020d0        0x4 C:/ST/STM32CubeIDE_1.13.1/STM32CubeIDE/plugins/com.st.stm32cube.ide.mcu.externaltools.gnu-tools-for-stm32.11.3.rel1.win32_1.1.0.202305231506/tools/bin/../lib/gcc/arm-none-eabi/11.3.1/thumb/v7e-m+fp/hard/crtbegin.o
                [!provide]                        PROVIDE (__fini_array_end = .)
                0x00000000080020d4                . = ALIGN (0x4)
                0x00000000080020d4                _sidata = LOADADDR (.data)

.data           0x0000000020000000        0xc load address 0x00000000080020d4
                0x0000000020000000                . = ALIGN (0x4)
                0x0000000020000000                _sdata = .
 *(.data)
 *(.data*)
 .data.SystemCoreClock
                0x0000000020000000        0x4 ./Core/Src/system_stm32f4xx.o
                0x0000000020000000                SystemCoreClock
 .data.uwTickPrio
                0x0000000020000004        0x4 ./Drivers/STM32F4xx_HAL_Driver/stm32f4xx_hal.o
                0x0000000020000004                uwTickPrio
 .data.uwTickFreq
                0x0000000020000008        0x1 ./Drivers/STM32F4xx_HAL_Driver/stm32f4xx_hal.o
                0x0000000020000008                uwTickFreq
 *(.RamFunc)
 *(.RamFunc*)
                0x000000002000000c                . = ALIGN (0x4)
 *fill*         0x0000000020000009        0x3 
                0x000000002000000c                _edata = .

.igot.plt       0x000000002000000c        0x0 load address 0x00000000080020e0
 .igot.plt      0x000000002000000c        0x0 C:/ST/STM32CubeIDE_1.13.1/STM32CubeIDE/plugins/com.st.stm32cube.ide.mcu.externaltools.gnu-tools-for-stm32.11.3.rel1.win32_1.1.0.202305231506/tools/bin/../lib/gcc/arm-none-eabi/11.3.1/thumb/v7e-m+fp/hard/crtbegin.o
                0x000000002000000c                . = ALIGN (0x4)

.bss            0x000000002000000c       0x64 load address 0x00000000080020e0
                0x000000002000000c                _sbss = .
                0x000000002000000c                __bss_start__ = _sbss
 *(.bss)
 .bss           0x000000002000000c       0x1c C:/ST/STM32CubeIDE_1.13.1/STM32CubeIDE/plugins/com.st.stm32cube.ide.mcu.externaltools.gnu-tools-for-stm32.11.3.rel1.win32_1.1.0.202305231506/tools/bin/../lib/gcc/arm-none-eabi/11.3.1/thumb/v7e-m+fp/hard/crtbegin.o
 *(.bss*)
 .bss.huart2    0x0000000020000028       0x44 ./Core/Src/main.o
                0x0000000020000028                huart2
 .bss.uwTick    0x000000002000006c        0x4 ./Drivers/STM32F4xx_HAL_Driver/stm32f4xx_hal.o
                0x000000002000006c                uwTick
 *(COMMON)
                0x0000000020000070                . = ALIGN (0x4)
                0x0000000020000070                _ebss = .
                0x0000000020000070                __bss_end__ = _ebss

._user_heap_stack
                0x0000000020000070      0x600 load address 0x00000000080020e0
                0x0000000020000070                . = ALIGN (0x8)
                [!provide]                        PROVIDE (end = .)
                0x0000000020000070                PROVIDE (_end = .)
                0x0000000020000270                . = (. + _Min_Heap_Size)
 *fill*         0x0000000020000070      0x200 
                0x0000000020000670                . = (. + _Min_Stack_Size)
 *fill*         0x0000000020000270      0x400 
                0x0000000020000670                . = ALIGN (0x8)

/DISCARD/
 libc.a(*)
 libm.a(*)
 libgcc.a(*)

.ARM.attributes
                0x0000000000000000       0x30
 *(.ARM.attributes)
 .ARM.attributes
                0x0000000000000000       0x1e C:/ST/STM32CubeIDE_1.13.1/STM32CubeIDE/plugins/com.st.stm32cube.ide.mcu.externaltools.gnu-tools-for-stm32.11.3.rel1.win32_1.1.0.202305231506/tools/bin/../lib/gcc/arm-none-eabi/11.3.1/thumb/v7e-m+fp/hard/crti.o
 .ARM.attributes
                0x000000000000001e       0x34 C:/ST/STM32CubeIDE_1.13.1/STM32CubeIDE/plugins/com.st.stm32cube.ide.mcu.externaltools.gnu-tools-for-stm32.11.3.rel1.win32_1.1.0.202305231506/tools/bin/../lib/gcc/arm-none-eabi/11.3.1/thumb/v7e-m+fp/hard/crtbegin.o
 .ARM.attributes
                0x0000000000000052       0x34 ./Core/Src/main.o
 .ARM.attributes
                0x0000000000000086       0x34 ./Core/Src/stm32f4xx_hal_msp.o
 .ARM.attributes
                0x00000000000000ba       0x34 ./Core/Src/stm32f4xx_it.o
 .ARM.attributes
                0x00000000000000ee       0x34 ./Core/Src/system_stm32f4xx.o
 .ARM.attributes
                0x0000000000000122       0x21 ./Core/Startup/startup_stm32f446retx.o
 .ARM.attributes
                0x0000000000000143       0x34 ./Drivers/STM32F4xx_HAL_Driver/stm32f4xx_hal.o
 .ARM.attributes
                0x0000000000000177       0x34 ./Drivers/STM32F4xx_HAL_Driver/stm32f4xx_hal_cortex.o
 .ARM.attributes
                0x00000000000001ab       0x34 ./Drivers/STM32F4xx_HAL_Driver/stm32f4xx_hal_gpio.o
 .ARM.attributes
                0x00000000000001df       0x34 ./Drivers/STM32F4xx_HAL_Driver/stm32f4xx_hal_rcc.o
 .ARM.attributes
                0x0000000000000213       0x34 ./Drivers/STM32F4xx_HAL_Driver/stm32f4xx_hal_rcc_ex.o
 .ARM.attributes
                0x0000000000000247       0x34 ./Drivers/STM32F4xx_HAL_Driver/stm32f4xx_hal_uart.o
 .ARM.attributes
                0x000000000000027b       0x34 C:/ST/STM32CubeIDE_1.13.1/STM32CubeIDE/plugins/com.st.stm32cube.ide.mcu.externaltools.gnu-tools-for-stm32.11.3.rel1.win32_1.1.0.202305231506/tools/bin/../lib/gcc/arm-none-eabi/11.3.1/../../../../arm-none-eabi/lib/thumb/v7e-m+fp/hard\libc_nano.a(libc_a-memset.o)
 .ARM.attributes
                0x00000000000002af       0x34 C:/ST/STM32CubeIDE_1.13.1/STM32CubeIDE/plugins/com.st.stm32cube.ide.mcu.externaltools.gnu-tools-for-stm32.11.3.rel1.win32_1.1.0.202305231506/tools/bin/../lib/gcc/arm-none-eabi/11.3.1/../../../../arm-none-eabi/lib/thumb/v7e-m+fp/hard\libc_nano.a(libc_a-init.o)
 .ARM.attributes
                0x00000000000002e3       0x1e C:/ST/STM32CubeIDE_1.13.1/STM32CubeIDE/plugins/com.st.stm32cube.ide.mcu.externaltools.gnu-tools-for-stm32.11.3.rel1.win32_1.1.0.202305231506/tools/bin/../lib/gcc/arm-none-eabi/11.3.1/thumb/v7e-m+fp/hard\libgcc.a(_aeabi_uldivmod.o)
 .ARM.attributes
                0x0000000000000301       0x34 C:/ST/STM32CubeIDE_1.13.1/STM32CubeIDE/plugins/com.st.stm32cube.ide.mcu.externaltools.gnu-tools-for-stm32.11.3.rel1.win32_1.1.0.202305231506/tools/bin/../lib/gcc/arm-none-eabi/11.3.1/thumb/v7e-m+fp/hard\libgcc.a(_udivmoddi4.o)
 .ARM.attributes
                0x0000000000000335       0x1e C:/ST/STM32CubeIDE_1.13.1/STM32CubeIDE/plugins/com.st.stm32cube.ide.mcu.externaltools.gnu-tools-for-stm32.11.3.rel1.win32_1.1.0.202305231506/tools/bin/../lib/gcc/arm-none-eabi/11.3.1/thumb/v7e-m+fp/hard\libgcc.a(_dvmd_tls.o)
 .ARM.attributes
                0x0000000000000353       0x1e C:/ST/STM32CubeIDE_1.13.1/STM32CubeIDE/plugins/com.st.stm32cube.ide.mcu.externaltools.gnu-tools-for-stm32.11.3.rel1.win32_1.1.0.202305231506/tools/bin/../lib/gcc/arm-none-eabi/11.3.1/thumb/v7e-m+fp/hard/crtn.o
OUTPUT(blank_main_board_code.elf elf32-littlearm)
LOAD linker stubs
LOAD C:/ST/STM32CubeIDE_1.13.1/STM32CubeIDE/plugins/com.st.stm32cube.ide.mcu.externaltools.gnu-tools-for-stm32.11.3.rel1.win32_1.1.0.202305231506/tools/bin/../lib/gcc/arm-none-eabi/11.3.1/../../../../arm-none-eabi/lib/thumb/v7e-m+fp/hard\libc.a
LOAD C:/ST/STM32CubeIDE_1.13.1/STM32CubeIDE/plugins/com.st.stm32cube.ide.mcu.externaltools.gnu-tools-for-stm32.11.3.rel1.win32_1.1.0.202305231506/tools/bin/../lib/gcc/arm-none-eabi/11.3.1/../../../../arm-none-eabi/lib/thumb/v7e-m+fp/hard\libm.a
LOAD C:/ST/STM32CubeIDE_1.13.1/STM32CubeIDE/plugins/com.st.stm32cube.ide.mcu.externaltools.gnu-tools-for-stm32.11.3.rel1.win32_1.1.0.202305231506/tools/bin/../lib/gcc/arm-none-eabi/11.3.1/thumb/v7e-m+fp/hard\libgcc.a

.comment        0x0000000000000000       0x43
 .comment       0x0000000000000000       0x43 C:/ST/STM32CubeIDE_1.13.1/STM32CubeIDE/plugins/com.st.stm32cube.ide.mcu.externaltools.gnu-tools-for-stm32.11.3.rel1.win32_1.1.0.202305231506/tools/bin/../lib/gcc/arm-none-eabi/11.3.1/thumb/v7e-m+fp/hard/crtbegin.o
                                         0x44 (size before relaxing)
 .comment       0x0000000000000043       0x44 ./Core/Src/main.o
 .comment       0x0000000000000043       0x44 ./Core/Src/stm32f4xx_hal_msp.o
 .comment       0x0000000000000043       0x44 ./Core/Src/stm32f4xx_it.o
 .comment       0x0000000000000043       0x44 ./Core/Src/system_stm32f4xx.o
 .comment       0x0000000000000043       0x44 ./Drivers/STM32F4xx_HAL_Driver/stm32f4xx_hal.o
 .comment       0x0000000000000043       0x44 ./Drivers/STM32F4xx_HAL_Driver/stm32f4xx_hal_cortex.o
 .comment       0x0000000000000043       0x44 ./Drivers/STM32F4xx_HAL_Driver/stm32f4xx_hal_gpio.o
 .comment       0x0000000000000043       0x44 ./Drivers/STM32F4xx_HAL_Driver/stm32f4xx_hal_rcc.o
 .comment       0x0000000000000043       0x44 ./Drivers/STM32F4xx_HAL_Driver/stm32f4xx_hal_rcc_ex.o
 .comment       0x0000000000000043       0x44 ./Drivers/STM32F4xx_HAL_Driver/stm32f4xx_hal_uart.o

.debug_info     0x0000000000000000     0x7b3f
 .debug_info    0x0000000000000000      0xbaa ./Core/Src/main.o
 .debug_info    0x0000000000000baa      0x90e ./Core/Src/stm32f4xx_hal_msp.o
 .debug_info    0x00000000000014b8      0x112 ./Core/Src/stm32f4xx_it.o
 .debug_info    0x00000000000015ca      0x54a ./Core/Src/system_stm32f4xx.o
 .debug_info    0x0000000000001b14       0x23 ./Core/Startup/startup_stm32f446retx.o
 .debug_info    0x0000000000001b37      0x99e ./Drivers/STM32F4xx_HAL_Driver/stm32f4xx_hal.o
 .debug_info    0x00000000000024d5      0xd64 ./Drivers/STM32F4xx_HAL_Driver/stm32f4xx_hal_cortex.o
 .debug_info    0x0000000000003239      0x70b ./Drivers/STM32F4xx_HAL_Driver/stm32f4xx_hal_gpio.o
 .debug_info    0x0000000000003944      0x8ed ./Drivers/STM32F4xx_HAL_Driver/stm32f4xx_hal_rcc.o
 .debug_info    0x0000000000004231      0x956 ./Drivers/STM32F4xx_HAL_Driver/stm32f4xx_hal_rcc_ex.o
 .debug_info    0x0000000000004b87     0x2fb8 ./Drivers/STM32F4xx_HAL_Driver/stm32f4xx_hal_uart.o

.debug_abbrev   0x0000000000000000     0x1484
 .debug_abbrev  0x0000000000000000      0x247 ./Core/Src/main.o
 .debug_abbrev  0x0000000000000247      0x1c2 ./Core/Src/stm32f4xx_hal_msp.o
 .debug_abbrev  0x0000000000000409       0x73 ./Core/Src/stm32f4xx_it.o
 .debug_abbrev  0x000000000000047c      0x11a ./Core/Src/system_stm32f4xx.o
 .debug_abbrev  0x0000000000000596       0x12 ./Core/Startup/startup_stm32f446retx.o
 .debug_abbrev  0x00000000000005a8      0x213 ./Drivers/STM32F4xx_HAL_Driver/stm32f4xx_hal.o
 .debug_abbrev  0x00000000000007bb      0x327 ./Drivers/STM32F4xx_HAL_Driver/stm32f4xx_hal_cortex.o
 .debug_abbrev  0x0000000000000ae2      0x1d4 ./Drivers/STM32F4xx_HAL_Driver/stm32f4xx_hal_gpio.o
 .debug_abbrev  0x0000000000000cb6      0x2b6 ./Drivers/STM32F4xx_HAL_Driver/stm32f4xx_hal_rcc.o
 .debug_abbrev  0x0000000000000f6c      0x20a ./Drivers/STM32F4xx_HAL_Driver/stm32f4xx_hal_rcc_ex.o
 .debug_abbrev  0x0000000000001176      0x30e ./Drivers/STM32F4xx_HAL_Driver/stm32f4xx_hal_uart.o

.debug_aranges  0x0000000000000000      0x680
 .debug_aranges
                0x0000000000000000       0x40 ./Core/Src/main.o
 .debug_aranges
                0x0000000000000040       0x30 ./Core/Src/stm32f4xx_hal_msp.o
 .debug_aranges
                0x0000000000000070       0x60 ./Core/Src/stm32f4xx_it.o
 .debug_aranges
                0x00000000000000d0       0x28 ./Core/Src/system_stm32f4xx.o
 .debug_aranges
                0x00000000000000f8       0x28 ./Core/Startup/startup_stm32f446retx.o
 .debug_aranges
                0x0000000000000120       0xf0 ./Drivers/STM32F4xx_HAL_Driver/stm32f4xx_hal.o
 .debug_aranges
                0x0000000000000210      0x118 ./Drivers/STM32F4xx_HAL_Driver/stm32f4xx_hal_cortex.o
 .debug_aranges
                0x0000000000000328       0x58 ./Drivers/STM32F4xx_HAL_Driver/stm32f4xx_hal_gpio.o
 .debug_aranges
                0x0000000000000380       0x88 ./Drivers/STM32F4xx_HAL_Driver/stm32f4xx_hal_rcc.o
 .debug_aranges
                0x0000000000000408       0x78 ./Drivers/STM32F4xx_HAL_Driver/stm32f4xx_hal_rcc_ex.o
 .debug_aranges
                0x0000000000000480      0x200 ./Drivers/STM32F4xx_HAL_Driver/stm32f4xx_hal_uart.o

.debug_rnglists
                0x0000000000000000      0x4fa
 .debug_rnglists
                0x0000000000000000       0x2d ./Core/Src/main.o
 .debug_rnglists
                0x000000000000002d       0x20 ./Core/Src/stm32f4xx_hal_msp.o
 .debug_rnglists
                0x000000000000004d       0x43 ./Core/Src/stm32f4xx_it.o
 .debug_rnglists
                0x0000000000000090       0x1a ./Core/Src/system_stm32f4xx.o
 .debug_rnglists
                0x00000000000000aa       0x19 ./Core/Startup/startup_stm32f446retx.o
 .debug_rnglists
                0x00000000000000c3       0xaf ./Drivers/STM32F4xx_HAL_Driver/stm32f4xx_hal.o
 .debug_rnglists
                0x0000000000000172       0xce ./Drivers/STM32F4xx_HAL_Driver/stm32f4xx_hal_cortex.o
 .debug_rnglists
                0x0000000000000240       0x3f ./Drivers/STM32F4xx_HAL_Driver/stm32f4xx_hal_gpio.o
 .debug_rnglists
                0x000000000000027f       0x66 ./Drivers/STM32F4xx_HAL_Driver/stm32f4xx_hal_rcc.o
 .debug_rnglists
                0x00000000000002e5       0x5e ./Drivers/STM32F4xx_HAL_Driver/stm32f4xx_hal_rcc_ex.o
 .debug_rnglists
                0x0000000000000343      0x1b7 ./Drivers/STM32F4xx_HAL_Driver/stm32f4xx_hal_uart.o

.debug_macro    0x0000000000000000    0x20158
 .debug_macro   0x0000000000000000      0x1c9 ./Core/Src/main.o
 .debug_macro   0x00000000000001c9      0xaa8 ./Core/Src/main.o
 .debug_macro   0x0000000000000c71      0x295 ./Core/Src/main.o
 .debug_macro   0x0000000000000f06       0x2e ./Core/Src/main.o
 .debug_macro   0x0000000000000f34       0x28 ./Core/Src/main.o
 .debug_macro   0x0000000000000f5c       0x22 ./Core/Src/main.o
 .debug_macro   0x0000000000000f7e       0x8e ./Core/Src/main.o
 .debug_macro   0x000000000000100c       0x51 ./Core/Src/main.o
 .debug_macro   0x000000000000105d      0x103 ./Core/Src/main.o
 .debug_macro   0x0000000000001160       0x6a ./Core/Src/main.o
 .debug_macro   0x00000000000011ca      0x1df ./Core/Src/main.o
 .debug_macro   0x00000000000013a9       0x1c ./Core/Src/main.o
 .debug_macro   0x00000000000013c5       0x22 ./Core/Src/main.o
 .debug_macro   0x00000000000013e7       0xd9 ./Core/Src/main.o
 .debug_macro   0x00000000000014c0     0x102d ./Core/Src/main.o
 .debug_macro   0x00000000000024ed      0x11f ./Core/Src/main.o
 .debug_macro   0x000000000000260c    0x16749 ./Core/Src/main.o
 .debug_macro   0x0000000000018d55       0x6d ./Core/Src/main.o
 .debug_macro   0x0000000000018dc2     0x367e ./Core/Src/main.o
 .debug_macro   0x000000000001c440      0x174 ./Core/Src/main.o
 .debug_macro   0x000000000001c5b4       0x5c ./Core/Src/main.o
 .debug_macro   0x000000000001c610      0xc90 ./Core/Src/main.o
 .debug_macro   0x000000000001d2a0      0x9fe ./Core/Src/main.o
 .debug_macro   0x000000000001dc9e      0x115 ./Core/Src/main.o
 .debug_macro   0x000000000001ddb3      0x1a0 ./Core/Src/main.o
 .debug_macro   0x000000000001df53       0xa5 ./Core/Src/main.o
 .debug_macro   0x000000000001dff8      0x16d ./Core/Src/main.o
 .debug_macro   0x000000000001e165      0x287 ./Core/Src/main.o
 .debug_macro   0x000000000001e3ec       0x5f ./Core/Src/main.o
 .debug_macro   0x000000000001e44b      0x236 ./Core/Src/main.o
 .debug_macro   0x000000000001e681      0x132 ./Core/Src/main.o
 .debug_macro   0x000000000001e7b3      0x29c ./Core/Src/main.o
 .debug_macro   0x000000000001ea4f       0x2e ./Core/Src/main.o
 .debug_macro   0x000000000001ea7d      0x11a ./Core/Src/main.o
 .debug_macro   0x000000000001eb97       0xe8 ./Core/Src/main.o
 .debug_macro   0x000000000001ec7f       0x89 ./Core/Src/main.o
 .debug_macro   0x000000000001ed08      0x295 ./Core/Src/main.o
 .debug_macro   0x000000000001ef9d      0x126 ./Core/Src/main.o
 .debug_macro   0x000000000001f0c3       0x58 ./Core/Src/main.o
 .debug_macro   0x000000000001f11b      0x1c9 ./Core/Src/stm32f4xx_hal_msp.o
 .debug_macro   0x000000000001f2e4      0x1d3 ./Core/Src/stm32f4xx_it.o
 .debug_macro   0x000000000001f4b7      0x1ba ./Core/Src/system_stm32f4xx.o
 .debug_macro   0x000000000001f671      0x21a ./Drivers/STM32F4xx_HAL_Driver/stm32f4xx_hal.o
 .debug_macro   0x000000000001f88b      0x1ba ./Drivers/STM32F4xx_HAL_Driver/stm32f4xx_hal_cortex.o
 .debug_macro   0x000000000001fa45      0x1c0 ./Drivers/STM32F4xx_HAL_Driver/stm32f4xx_hal_gpio.o
 .debug_macro   0x000000000001fc05      0x1de ./Drivers/STM32F4xx_HAL_Driver/stm32f4xx_hal_rcc.o
 .debug_macro   0x000000000001fde3      0x1ba ./Drivers/STM32F4xx_HAL_Driver/stm32f4xx_hal_rcc_ex.o
 .debug_macro   0x000000000001ff9d      0x1bb ./Drivers/STM32F4xx_HAL_Driver/stm32f4xx_hal_uart.o

.debug_line     0x0000000000000000     0x973b
 .debug_line    0x0000000000000000      0x8d0 ./Core/Src/main.o
 .debug_line    0x00000000000008d0      0x83c ./Core/Src/stm32f4xx_hal_msp.o
 .debug_line    0x000000000000110c      0x8b0 ./Core/Src/stm32f4xx_it.o
 .debug_line    0x00000000000019bc      0x86f ./Core/Src/system_stm32f4xx.o
 .debug_line    0x000000000000222b       0x7a ./Core/Startup/startup_stm32f446retx.o
 .debug_line    0x00000000000022a5      0xb0b ./Drivers/STM32F4xx_HAL_Driver/stm32f4xx_hal.o
 .debug_line    0x0000000000002db0      0xdba ./Drivers/STM32F4xx_HAL_Driver/stm32f4xx_hal_cortex.o
 .debug_line    0x0000000000003b6a      0xc6b ./Drivers/STM32F4xx_HAL_Driver/stm32f4xx_hal_gpio.o
 .debug_line    0x00000000000047d5      0xe90 ./Drivers/STM32F4xx_HAL_Driver/stm32f4xx_hal_rcc.o
 .debug_line    0x0000000000005665     0x1529 ./Drivers/STM32F4xx_HAL_Driver/stm32f4xx_hal_rcc_ex.o
 .debug_line    0x0000000000006b8e     0x2bad ./Drivers/STM32F4xx_HAL_Driver/stm32f4xx_hal_uart.o

.debug_str      0x0000000000000000    0xc44bc
 .debug_str     0x0000000000000000    0xc25e7 ./Core/Src/main.o
                                      0xc28b9 (size before relaxing)
 .debug_str     0x00000000000c25e7       0x83 ./Core/Src/stm32f4xx_hal_msp.o
                                      0xc26fd (size before relaxing)
 .debug_str     0x00000000000c266a       0xc9 ./Core/Src/stm32f4xx_it.o
                                      0xc214a (size before relaxing)
 .debug_str     0x00000000000c2733       0xdb ./Core/Src/system_stm32f4xx.o
                                      0xc2173 (size before relaxing)
 .debug_str     0x00000000000c280e       0x34 ./Core/Startup/startup_stm32f446retx.o
                                         0x7a (size before relaxing)
 .debug_str     0x00000000000c2842      0xb51 ./Drivers/STM32F4xx_HAL_Driver/stm32f4xx_hal.o
                                      0xc2d6e (size before relaxing)
 .debug_str     0x00000000000c3393      0x38a ./Drivers/STM32F4xx_HAL_Driver/stm32f4xx_hal_cortex.o
                                      0xc2a7c (size before relaxing)
 .debug_str     0x00000000000c371d      0x157 ./Drivers/STM32F4xx_HAL_Driver/stm32f4xx_hal_gpio.o
                                      0xc2324 (size before relaxing)
 .debug_str     0x00000000000c3874      0x269 ./Drivers/STM32F4xx_HAL_Driver/stm32f4xx_hal_rcc.o
                                      0xc25e2 (size before relaxing)
 .debug_str     0x00000000000c3add      0x35a ./Drivers/STM32F4xx_HAL_Driver/stm32f4xx_hal_rcc_ex.o
                                      0xc2615 (size before relaxing)
 .debug_str     0x00000000000c3e37      0x685 ./Drivers/STM32F4xx_HAL_Driver/stm32f4xx_hal_uart.o
                                      0xc2b57 (size before relaxing)

.debug_frame    0x0000000000000000     0x198c
 .debug_frame   0x0000000000000000       0xa8 ./Core/Src/main.o
 .debug_frame   0x00000000000000a8       0x7c ./Core/Src/stm32f4xx_hal_msp.o
 .debug_frame   0x0000000000000124      0x104 ./Core/Src/stm32f4xx_it.o
 .debug_frame   0x0000000000000228       0x58 ./Core/Src/system_stm32f4xx.o
 .debug_frame   0x0000000000000280      0x374 ./Drivers/STM32F4xx_HAL_Driver/stm32f4xx_hal.o
 .debug_frame   0x00000000000005f4      0x498 ./Drivers/STM32F4xx_HAL_Driver/stm32f4xx_hal_cortex.o
 .debug_frame   0x0000000000000a8c      0x14c ./Drivers/STM32F4xx_HAL_Driver/stm32f4xx_hal_gpio.o
 .debug_frame   0x0000000000000bd8      0x1f4 ./Drivers/STM32F4xx_HAL_Driver/stm32f4xx_hal_rcc.o
 .debug_frame   0x0000000000000dcc      0x1e8 ./Drivers/STM32F4xx_HAL_Driver/stm32f4xx_hal_rcc_ex.o
 .debug_frame   0x0000000000000fb4      0x92c ./Drivers/STM32F4xx_HAL_Driver/stm32f4xx_hal_uart.o
 .debug_frame   0x00000000000018e0       0x20 C:/ST/STM32CubeIDE_1.13.1/STM32CubeIDE/plugins/com.st.stm32cube.ide.mcu.externaltools.gnu-tools-for-stm32.11.3.rel1.win32_1.1.0.202305231506/tools/bin/../lib/gcc/arm-none-eabi/11.3.1/../../../../arm-none-eabi/lib/thumb/v7e-m+fp/hard\libc_nano.a(libc_a-memset.o)
 .debug_frame   0x0000000000001900       0x2c C:/ST/STM32CubeIDE_1.13.1/STM32CubeIDE/plugins/com.st.stm32cube.ide.mcu.externaltools.gnu-tools-for-stm32.11.3.rel1.win32_1.1.0.202305231506/tools/bin/../lib/gcc/arm-none-eabi/11.3.1/../../../../arm-none-eabi/lib/thumb/v7e-m+fp/hard\libc_nano.a(libc_a-init.o)
 .debug_frame   0x000000000000192c       0x2c C:/ST/STM32CubeIDE_1.13.1/STM32CubeIDE/plugins/com.st.stm32cube.ide.mcu.externaltools.gnu-tools-for-stm32.11.3.rel1.win32_1.1.0.202305231506/tools/bin/../lib/gcc/arm-none-eabi/11.3.1/thumb/v7e-m+fp/hard\libgcc.a(_aeabi_uldivmod.o)
 .debug_frame   0x0000000000001958       0x34 C:/ST/STM32CubeIDE_1.13.1/STM32CubeIDE/plugins/com.st.stm32cube.ide.mcu.externaltools.gnu-tools-for-stm32.11.3.rel1.win32_1.1.0.202305231506/tools/bin/../lib/gcc/arm-none-eabi/11.3.1/thumb/v7e-m+fp/hard\libgcc.a(_udivmoddi4.o)

.debug_line_str
                0x0000000000000000       0x6e
 .debug_line_str
                0x0000000000000000       0x6e ./Core/Startup/startup_stm32f446retx.o
                                         0x86 (size before relaxing)
