../Core/Src/main.c:177:6:ResetAndInitializeAllSensors	16	static
../Core/Src/main.c:231:6:PlotPolarData	56	static
../Core/Src/main.c:252:6:TurnOnSensor	16	static
../Core/Src/main.c:325:6:ResetAllSensors	8	static
../Core/Src/main.c:348:6:SendAllMesurements	16	static
../Core/Src/main.c:366:6:SendOneROIMesurement	16	static
../Core/Src/main.c:390:5:main	56	static
../Core/Src/main.c:540:6:SystemClock_Config	88	static
../Core/Src/main.c:584:13:MX_I2C1_Init	8	static
../Core/Src/main.c:632:13:MX_TIM6_Init	24	static
../Core/Src/main.c:670:13:MX_USART2_UART_Init	8	static
../Core/Src/main.c:720:13:MX_GPIO_Init	56	static
../Core/Src/main.c:796:6:Error_Handler	8	static,ignoring_inline_asm
