../Drivers/UltraLiteDriver/Src/platform.c:73:10:ReadRegister32	40	static
../Drivers/UltraLiteDriver/Src/platform.c:90:10:ReadRegister16	40	static
../Drivers/UltraLiteDriver/Src/platform.c:107:9:ReadRegister8	40	static
../Drivers/UltraLiteDriver/Src/platform.c:124:6:WriteRegister8	40	static
../Drivers/UltraLiteDriver/Src/platform.c:139:6:WriteRegister16	40	static
../Drivers/UltraLiteDriver/Src/platform.c:155:6:WriteRegister32	40	static
../Drivers/UltraLiteDriver/Src/platform.c:173:6:WaitMs	16	static
../Drivers/UltraLiteDriver/Src/platform.c:185:14:VL53L1_WrByte	40	static
../Drivers/UltraLiteDriver/Src/platform.c:201:14:VL53L1_WrWord	40	static
../Drivers/UltraLiteDriver/Src/platform.c:218:14:VL53L1_WrDWord	40	static
../Drivers/UltraLiteDriver/Src/platform.c:237:14:VL53L1_UpdateByte	40	static
../Drivers/UltraLiteDriver/Src/platform.c:249:14:VL53L1_RdByte	16	static
../Drivers/UltraLiteDriver/Src/platform.c:255:14:VL53L1_RdWord	16	static
../Drivers/UltraLiteDriver/Src/platform.c:262:14:VL53L1_RdDWord	32	static
../Drivers/UltraLiteDriver/Src/platform.c:271:14:VL53L1_GetTickCount	24	static
../Drivers/UltraLiteDriver/Src/platform.c:296:14:VL53L1_GetTimerFrequency	16	static
../Drivers/UltraLiteDriver/Src/platform.c:304:14:VL53L1_WaitMs	16	static
../Drivers/UltraLiteDriver/Src/platform.c:310:14:VL53L1_WaitUs	16	static
