../Drivers/UltraLiteDriver/Src/VL53L1X_api.c:206:15:VL53L1X_GetSWVersion	24	static
../Drivers/UltraLiteDriver/Src/VL53L1X_api.c:217:15:VL53L1X_SetI2CAddress	32	static
../Drivers/UltraLiteDriver/Src/VL53L1X_api.c:225:15:VL53L1X_SensorInit	32	static
../Drivers/UltraLiteDriver/Src/VL53L1X_api.c:248:15:VL53L1X_ClearInterrupt	32	static
../Drivers/UltraLiteDriver/Src/VL53L1X_api.c:256:15:VL53L1X_SetInterruptPolarity	32	static
../Drivers/UltraLiteDriver/Src/VL53L1X_api.c:267:15:VL53L1X_GetInterruptPolarity	40	static
../Drivers/UltraLiteDriver/Src/VL53L1X_api.c:278:15:VL53L1X_StartRanging	32	static
../Drivers/UltraLiteDriver/Src/VL53L1X_api.c:286:15:VL53L1X_StopRanging	32	static
../Drivers/UltraLiteDriver/Src/VL53L1X_api.c:294:15:VL53L1X_CheckForDataReady	40	static
../Drivers/UltraLiteDriver/Src/VL53L1X_api.c:317:15:VL53L1X_SetTimingBudgetInMs	32	static
../Drivers/UltraLiteDriver/Src/VL53L1X_api.c:419:15:VL53L1X_GetTimingBudgetInMs	32	static
../Drivers/UltraLiteDriver/Src/VL53L1X_api.c:460:15:VL53L1X_SetDistanceMode	32	static
../Drivers/UltraLiteDriver/Src/VL53L1X_api.c:495:15:VL53L1X_GetDistanceMode	32	static
../Drivers/UltraLiteDriver/Src/VL53L1X_api.c:507:15:VL53L1X_SetInterMeasurementInMs	40	static
../Drivers/UltraLiteDriver/Src/VL53L1X_api.c:520:15:VL53L1X_GetInterMeasurementInMs	40	static
../Drivers/UltraLiteDriver/Src/VL53L1X_api.c:534:15:VL53L1X_BootState	40	static
../Drivers/UltraLiteDriver/Src/VL53L1X_api.c:544:15:VL53L1X_GetSensorId	40	static
../Drivers/UltraLiteDriver/Src/VL53L1X_api.c:554:15:VL53L1X_GetDistance	40	static
../Drivers/UltraLiteDriver/Src/VL53L1X_api.c:565:15:VL53L1X_GetSignalPerSpad	40	static
../Drivers/UltraLiteDriver/Src/VL53L1X_api.c:578:15:VL53L1X_GetAmbientPerSpad	40	static
../Drivers/UltraLiteDriver/Src/VL53L1X_api.c:589:15:VL53L1X_GetSignalRate	40	static
../Drivers/UltraLiteDriver/Src/VL53L1X_api.c:600:15:VL53L1X_GetSpadNb	40	static
../Drivers/UltraLiteDriver/Src/VL53L1X_api.c:611:15:VL53L1X_GetAmbientRate	40	static
../Drivers/UltraLiteDriver/Src/VL53L1X_api.c:621:15:VL53L1X_GetRangeStatus	32	static
../Drivers/UltraLiteDriver/Src/VL53L1X_api.c:634:15:VL53L1X_GetResult	56	static
../Drivers/UltraLiteDriver/Src/VL53L1X_api.c:653:15:VL53L1X_SetOffset	32	static
../Drivers/UltraLiteDriver/Src/VL53L1X_api.c:666:16:VL53L1X_GetOffset	40	static
../Drivers/UltraLiteDriver/Src/VL53L1X_api.c:678:15:VL53L1X_SetXtalk	32	static
../Drivers/UltraLiteDriver/Src/VL53L1X_api.c:693:15:VL53L1X_GetXtalk	32	static
../Drivers/UltraLiteDriver/Src/VL53L1X_api.c:703:15:VL53L1X_SetDistanceThreshold	40	static
../Drivers/UltraLiteDriver/Src/VL53L1X_api.c:724:15:VL53L1X_GetDistanceThresholdWindow	40	static
../Drivers/UltraLiteDriver/Src/VL53L1X_api.c:733:15:VL53L1X_GetDistanceThresholdLow	40	static
../Drivers/UltraLiteDriver/Src/VL53L1X_api.c:743:15:VL53L1X_GetDistanceThresholdHigh	40	static
../Drivers/UltraLiteDriver/Src/VL53L1X_api.c:753:15:VL53L1X_SetROICenter	32	static
../Drivers/UltraLiteDriver/Src/VL53L1X_api.c:760:15:VL53L1X_GetROICenter	40	static
../Drivers/UltraLiteDriver/Src/VL53L1X_api.c:769:15:VL53L1X_SetROI	32	static
../Drivers/UltraLiteDriver/Src/VL53L1X_api.c:788:15:VL53L1X_GetROI_XY	48	static
../Drivers/UltraLiteDriver/Src/VL53L1X_api.c:799:15:VL53L1X_SetSignalThreshold	32	static
../Drivers/UltraLiteDriver/Src/VL53L1X_api.c:807:15:VL53L1X_GetSignalThreshold	40	static
../Drivers/UltraLiteDriver/Src/VL53L1X_api.c:818:15:VL53L1X_SetSigmaThreshold	32	static
../Drivers/UltraLiteDriver/Src/VL53L1X_api.c:830:15:VL53L1X_GetSigmaThreshold	40	static
../Drivers/UltraLiteDriver/Src/VL53L1X_api.c:841:15:VL53L1X_StartTemperatureUpdate	32	static
