../Drivers/STM32G0xx_HAL_Driver/Inc/stm32g0xx_ll_rcc.h:1789:26:LL_RCC_GetAPB1Prescaler	8	static
../Drivers/STM32G0xx_HAL_Driver/Src/stm32g0xx_hal_rcc.c:218:19:HAL_RCC_DeInit	16	static
../Drivers/STM32G0xx_HAL_Driver/Src/stm32g0xx_hal_rcc.c:310:19:HAL_RCC_OscConfig	40	static
../Drivers/STM32G0xx_HAL_Driver/Src/stm32g0xx_hal_rcc.c:800:19:HAL_RCC_ClockConfig	24	static
../Drivers/STM32G0xx_HAL_Driver/Src/stm32g0xx_hal_rcc.c:1029:6:HAL_RCC_MCOConfig	48	static
../Drivers/STM32G0xx_HAL_Driver/Src/stm32g0xx_hal_rcc.c:1107:10:HAL_RCC_GetSysClockFreq	32	static
../Drivers/STM32G0xx_HAL_Driver/Src/stm32g0xx_hal_rcc.c:1175:10:HAL_RCC_GetHCLKFreq	8	static
../Drivers/STM32G0xx_HAL_Driver/Src/stm32g0xx_hal_rcc.c:1186:10:HAL_RCC_GetPCLK1Freq	16	static
../Drivers/STM32G0xx_HAL_Driver/Src/stm32g0xx_hal_rcc.c:1199:6:HAL_RCC_GetOscConfig	16	static
../Drivers/STM32G0xx_HAL_Driver/Src/stm32g0xx_hal_rcc.c:1302:6:HAL_RCC_GetClockConfig	16	static
../Drivers/STM32G0xx_HAL_Driver/Src/stm32g0xx_hal_rcc.c:1335:6:HAL_RCC_EnableCSS	8	static
../Drivers/STM32G0xx_HAL_Driver/Src/stm32g0xx_hal_rcc.c:1351:6:HAL_RCC_EnableLSECSS	8	static
../Drivers/STM32G0xx_HAL_Driver/Src/stm32g0xx_hal_rcc.c:1362:6:HAL_RCC_DisableLSECSS	8	static
../Drivers/STM32G0xx_HAL_Driver/Src/stm32g0xx_hal_rcc.c:1372:6:HAL_RCC_NMI_IRQHandler	16	static
../Drivers/STM32G0xx_HAL_Driver/Src/stm32g0xx_hal_rcc.c:1398:13:HAL_RCC_CSSCallback	8	static
../Drivers/STM32G0xx_HAL_Driver/Src/stm32g0xx_hal_rcc.c:1409:13:HAL_RCC_LSECSSCallback	8	static
../Drivers/STM32G0xx_HAL_Driver/Src/stm32g0xx_hal_rcc.c:1422:10:HAL_RCC_GetResetSource	16	static
